#
# There is insufficient memory for the Java Runtime Environment to continue.
# Native memory allocation (malloc) failed to allocate 81136 bytes. Error detail: Chunk::new
# Possible reasons:
#   The system is out of physical RAM or swap space
#   This process is running with CompressedOops enabled, and the Java Heap may be blocking the growth of the native heap
# Possible solutions:
#   Reduce memory load on the system
#   Increase physical memory or swap space
#   Check if swap backing store is full
#   Decrease Java heap size (-Xmx/-Xms)
#   Decrease number of Java threads
#   Decrease Java thread stack sizes (-Xss)
#   Set larger code cache with -XX:ReservedCodeCacheSize=
#   JVM is running with Zero Based Compressed Oops mode in which the Java heap is
#     placed in the first 32GB address space. The Java Heap base address is the
#     maximum limit for the native heap growth. Please use -XX:HeapBaseMinAddress
#     to set the Java Heap base and to place the Java Heap above 32GB virtual address.
# This output file may be truncated or incomplete.
#
#  Out of Memory Error (arena.cpp:168), pid=30772, tid=30076
#
# JRE version: OpenJDK Runtime Environment Temurin-21.0.12.1+1 (21.0.12.1+1) (build 21.0.12.1+1-LTS)
# Java VM: OpenJDK 64-Bit Server VM Temurin-21.0.12.1+1 (21.0.12.1+1-LTS, mixed mode, sharing, tiered, compressed oops, compressed class ptrs, g1 gc, windows-amd64)
# No core dump will be written. Minidumps are not enabled by default on client versions of Windows
#

---------------  S U M M A R Y ------------

Command Line: --add-opens=java.base/java.lang=ALL-UNNAMED --add-opens=java.base/java.lang.invoke=ALL-UNNAMED --add-opens=java.base/java.util=ALL-UNNAMED --add-opens=java.prefs/java.util.prefs=ALL-UNNAMED --add-exports=jdk.compiler/com.sun.tools.javac.api=ALL-UNNAMED --add-exports=jdk.compiler/com.sun.tools.javac.util=ALL-UNNAMED --add-opens=java.base/java.util=ALL-UNNAMED --add-opens=java.prefs/java.util.prefs=ALL-UNNAMED --add-opens=java.base/java.nio.charset=ALL-UNNAMED --add-opens=java.base/java.net=ALL-UNNAMED --add-opens=java.base/java.util.concurrent=ALL-UNNAMED --add-opens=java.base/java.util.concurrent.atomic=ALL-UNNAMED --add-opens=java.xml/javax.xml.namespace=ALL-UNNAMED --add-opens=java.base/java.time=ALL-UNNAMED -XX:MaxMetaspaceSize=4G -XX:ReservedCodeCacheSize=512m -XX:+HeapDumpOnOutOfMemoryError -Xmx8G -Dfile.encoding=UTF-8 -Duser.country=BR -Duser.language=pt -Duser.variant -javaagent:C:\Users\filip\.gradle\wrapper\dists\gradle-9.3.1-all\9ot9r568e8zfvvd4mn8rbu1j0\gradle-9.3.1\lib\agents\gradle-instrumentation-agent-9.3.1.jar org.gradle.launcher.daemon.bootstrap.GradleDaemon 9.3.1

Host: 13th Gen Intel(R) Core(TM) i5-13420H, 12 cores, 7G,  Windows 11 , 64 bit Build 26100 (10.0.26100.9278)
Time: Sun Sep 13 20:07:06 2026 Hora oficial do Brasil elapsed time: 40.793510 seconds (0d 0h 0m 40s)

---------------  T H R E A D  ---------------

Current thread (0x0000012ae0e576c0):  JavaThread "C2 CompilerThread0" daemon [_thread_in_native, id=30076, stack(0x0000002166e00000,0x0000002166f00000) (1024K)]


Current CompileTask:
C2:40793 2971       4       jdk.internal.org.objectweb.asm.SymbolTable::addConstantMemberReference (147 bytes)

Stack: [0x0000002166e00000,0x0000002166f00000]
Native frames: (J=compiled Java code, j=interpreted, Vv=VM code, C=native code)
V  [jvm.dll+0x6d83e9]
V  [jvm.dll+0x8b5736]
V  [jvm.dll+0x8b7cee]
V  [jvm.dll+0x8b83d3]
V  [jvm.dll+0x284596]
V  [jvm.dll+0xc685d]
V  [jvm.dll+0xc6da1]
V  [jvm.dll+0x5df599]
V  [jvm.dll+0x38b701]
V  [jvm.dll+0x38ab1a]
V  [jvm.dll+0x24c700]
V  [jvm.dll+0x24bce0]
V  [jvm.dll+0x1cb4ae]
V  [jvm.dll+0x25baad]
V  [jvm.dll+0x25a03a]
V  [jvm.dll+0x3f8aae]
V  [jvm.dll+0x8600cd]
V  [jvm.dll+0x6d6c1d]
C  [ucrtbase.dll+0x2cd30]
C  [KERNEL32.DLL+0x2ccb7]
C  [ntdll.dll+0xacaec]


---------------  P R O C E S S  ---------------

Threads class SMR info:
_java_thread_list=0x0000012b2a5c1d40, length=25, elements={
0x0000012ab0f97610, 0x0000012ae0e4f530, 0x0000012ae0e51fa0, 0x0000012ae0e54a10,
0x0000012ae0e55470, 0x0000012ae0e55ed0, 0x0000012ae0e56930, 0x0000012ae0e576c0,
0x0000012ae0e58160, 0x0000012ae3b66d00, 0x0000012ae3c32520, 0x0000012ae39bd6f0,
0x0000012b29f41910, 0x0000012b2a50df20, 0x0000012ae399d840, 0x0000012b2974f610,
0x0000012b298658b0, 0x0000012b298521f0, 0x0000012b29852880, 0x0000012b29850120,
0x0000012b298535a0, 0x0000012b29852f10, 0x0000012b29850e40, 0x0000012b29851b60,
0x0000012b298507b0
}

Java Threads: ( => current thread )
  0x0000012ab0f97610 JavaThread "main"                              [_thread_blocked, id=25336, stack(0x0000002166000000,0x0000002166100000) (1024K)]
  0x0000012ae0e4f530 JavaThread "Reference Handler"          daemon [_thread_blocked, id=29652, stack(0x0000002166800000,0x0000002166900000) (1024K)]
  0x0000012ae0e51fa0 JavaThread "Finalizer"                  daemon [_thread_blocked, id=32408, stack(0x0000002166900000,0x0000002166a00000) (1024K)]
  0x0000012ae0e54a10 JavaThread "Signal Dispatcher"          daemon [_thread_blocked, id=32028, stack(0x0000002166a00000,0x0000002166b00000) (1024K)]
  0x0000012ae0e55470 JavaThread "Attach Listener"            daemon [_thread_blocked, id=32060, stack(0x0000002166b00000,0x0000002166c00000) (1024K)]
  0x0000012ae0e55ed0 JavaThread "Service Thread"             daemon [_thread_blocked, id=7500, stack(0x0000002166c00000,0x0000002166d00000) (1024K)]
  0x0000012ae0e56930 JavaThread "Monitor Deflation Thread"   daemon [_thread_blocked, id=19360, stack(0x0000002166d00000,0x0000002166e00000) (1024K)]
=>0x0000012ae0e576c0 JavaThread "C2 CompilerThread0"         daemon [_thread_in_native, id=30076, stack(0x0000002166e00000,0x0000002166f00000) (1024K)]
  0x0000012ae0e58160 JavaThread "C1 CompilerThread0"         daemon [_thread_blocked, id=30144, stack(0x0000002166f00000,0x0000002167000000) (1024K)]
  0x0000012ae3b66d00 JavaThread "Common-Cleaner"             daemon [_thread_blocked, id=31420, stack(0x0000002167000000,0x0000002167100000) (1024K)]
  0x0000012ae3c32520 JavaThread "Notification Thread"        daemon [_thread_blocked, id=30972, stack(0x0000002167100000,0x0000002167200000) (1024K)]
  0x0000012ae39bd6f0 JavaThread "Daemon health stats"               [_thread_blocked, id=31828, stack(0x0000002167600000,0x0000002167700000) (1024K)]
  0x0000012b29f41910 JavaThread "Incoming local TCP Connector on port 61155"        [_thread_in_native, id=22636, stack(0x0000002165e00000,0x0000002165f00000) (1024K)]
  0x0000012b2a50df20 JavaThread "Daemon periodic checks"            [_thread_blocked, id=28100, stack(0x0000002167b00000,0x0000002167c00000) (1024K)]
  0x0000012ae399d840 JavaThread "Daemon"                            [_thread_blocked, id=21312, stack(0x0000002167c00000,0x0000002167d00000) (1024K)]
  0x0000012b2974f610 JavaThread "Handler for socket connection from /127.0.0.1:61155 to /127.0.0.1:51487"        [_thread_in_native, id=10132, stack(0x0000002167d00000,0x0000002167e00000) (1024K)]
  0x0000012b298658b0 JavaThread "Cancel handler"                    [_thread_blocked, id=16640, stack(0x0000002167e00000,0x0000002167f00000) (1024K)]
  0x0000012b298521f0 JavaThread "Daemon worker"                     [_thread_in_Java, id=14468, stack(0x0000002167f00000,0x0000002168000000) (1024K)]
  0x0000012b29852880 JavaThread "Asynchronous log dispatcher for DefaultDaemonConnection: socket connection from /127.0.0.1:61155 to /127.0.0.1:51487"        [_thread_blocked, id=18520, stack(0x0000002168000000,0x0000002168100000) (1024K)]
  0x0000012b29850120 JavaThread "Stdin handler"                     [_thread_blocked, id=31816, stack(0x0000002168100000,0x0000002168200000) (1024K)]
  0x0000012b298535a0 JavaThread "Daemon client event forwarder"        [_thread_blocked, id=32100, stack(0x0000002168200000,0x0000002168300000) (1024K)]
  0x0000012b29852f10 JavaThread "Cache worker for journal cache (C:\Users\filip\.gradle\caches\journal-1)"        [_thread_blocked, id=21688, stack(0x0000002168300000,0x0000002168400000) (1024K)]
  0x0000012b29850e40 JavaThread "File lock request listener"        [_thread_in_native, id=31844, stack(0x0000002168400000,0x0000002168500000) (1024K)]
  0x0000012b29851b60 JavaThread "Cache worker for file hash cache (C:\Users\filip\.gradle\caches\9.3.1\fileHashes)"        [_thread_blocked, id=23916, stack(0x0000002168500000,0x0000002168600000) (1024K)]
  0x0000012b298507b0 JavaThread "File lock release action executor"        [_thread_blocked, id=8836, stack(0x0000002168600000,0x0000002168700000) (1024K)]
Total: 25

Other Threads:
  0x0000012ae0e2a1c0 VMThread "VM Thread"                           [id=31516, stack(0x0000002166700000,0x0000002166800000) (1024K)]
  0x0000012ae0e1bdb0 WatcherThread "VM Periodic Task Thread"        [id=32616, stack(0x0000002166600000,0x0000002166700000) (1024K)]
  0x0000012ae0ca1120 WorkerThread "GC Thread#0"                     [id=31896, stack(0x0000002166100000,0x0000002166200000) (1024K)]
  0x0000012ae3c3abc0 WorkerThread "GC Thread#1"                     [id=23684, stack(0x0000002167200000,0x0000002167300000) (1024K)]
  0x0000012ae3cf0190 WorkerThread "GC Thread#2"                     [id=24864, stack(0x0000002167300000,0x0000002167400000) (1024K)]
  0x0000012b298df4e0 WorkerThread "GC Thread#3"                     [id=31448, stack(0x0000002167400000,0x0000002167500000) (1024K)]
  0x0000012b299ab950 WorkerThread "GC Thread#4"                     [id=24212, stack(0x0000002167500000,0x0000002167600000) (1024K)]
  0x0000012ae3a107b0 WorkerThread "GC Thread#5"                     [id=12796, stack(0x0000002167700000,0x0000002167800000) (1024K)]
  0x0000012b2981f910 WorkerThread "GC Thread#6"                     [id=14364, stack(0x0000002167800000,0x0000002167900000) (1024K)]
  0x0000012b2981fcc0 WorkerThread "GC Thread#7"                     [id=30844, stack(0x0000002167900000,0x0000002167a00000) (1024K)]
  0x0000012ae3bc69b0 WorkerThread "GC Thread#8"                     [id=28820, stack(0x0000002167a00000,0x0000002167b00000) (1024K)]
  0x0000012ab337b8d0 ConcurrentGCThread "G1 Main Marker"            [id=20644, stack(0x0000002166200000,0x0000002166300000) (1024K)]
  0x0000012ab337d070 WorkerThread "G1 Conc#0"                       [id=18628, stack(0x0000002166300000,0x0000002166400000) (1024K)]
  0x0000012ae0cf4fa0 ConcurrentGCThread "G1 Refine#0"               [id=30068, stack(0x0000002166400000,0x0000002166500000) (1024K)]
  0x0000012ae0cf58d0 ConcurrentGCThread "G1 Service"                [id=32476, stack(0x0000002166500000,0x0000002166600000) (1024K)]
Total: 15

Threads with active compile tasks:
C2 CompilerThread0  40886 2971       4       jdk.internal.org.objectweb.asm.SymbolTable::addConstantMemberReference (147 bytes)
Total: 1

VM state: not at safepoint (normal execution)

VM Mutex/Monitor currently owned by a thread: None

Heap address: 0x0000000600000000, size: 8192 MB, Compressed Oops mode: Zero based, Oop shift amount: 3

CDS archive(s) mapped at: [0x0000012ae4000000-0x0000012ae4ba0000-0x0000012ae4ba0000), size 12189696, SharedBaseAddress: 0x0000012ae4000000, ArchiveRelocationMode: 1.
Compressed class space mapped at: 0x0000012ae5000000-0x0000012b25000000, reserved size: 1073741824
Narrow klass base: 0x0000012ae4000000, Narrow klass shift: 0, Narrow klass range: 0x100000000

GC Precious Log:
 CardTable entry size: 512
 Card Set container configuration: InlinePtr #cards 4 size 8 Array Of Cards #cards 32 size 80 Howl #buckets 8 coarsen threshold 7372 Howl Bitmap #cards 1024 size 144 coarsen threshold 921 Card regions per heap region 1 cards per card region 8192
 CPUs: 12 total, 12 available
 Memory: 7895M
 Large Page Support: Disabled
 NUMA Support: Disabled
 Compressed Oops: Enabled (Zero based)
 Heap Region Size: 4M
 Heap Min Capacity: 8M
 Heap Initial Capacity: 124M
 Heap Max Capacity: 8G
 Pre-touch: Disabled
 Parallel Workers: 10
 Concurrent Workers: 3
 Concurrent Refinement Workers: 10
 Periodic GC: Disabled

Heap:
 garbage-first heap   total 126976K, used 76093K [0x0000000600000000, 0x0000000800000000)
  region size 4096K, 18 young (73728K), 2 survivors (8192K)
 Metaspace       used 18806K, committed 19328K, reserved 1114112K
  class space    used 2529K, committed 2752K, reserved 1048576K

Heap Regions: E=young(eden), S=young(survivor), O=old, HS=humongous(starts), HC=humongous(continues), CS=collection set, F=free, TAMS=top-at-mark-start, PB=parsable bottom
|   0|0x0000000600000000, 0x0000000600400000, 0x0000000600400000|100%|HS|  |TAMS 0x0000000600000000| PB 0x0000000600000000| Complete 
|   1|0x0000000600400000, 0x0000000600800000, 0x0000000600800000|100%| O|  |TAMS 0x0000000600400000| PB 0x0000000600400000| Untracked 
|   2|0x0000000600800000, 0x0000000600b49800, 0x0000000600c00000| 82%| O|  |TAMS 0x0000000600800000| PB 0x0000000600800000| Untracked 
|   3|0x0000000600c00000, 0x0000000600c00000, 0x0000000601000000|  0%| F|  |TAMS 0x0000000600c00000| PB 0x0000000600c00000| Untracked 
|   4|0x0000000601000000, 0x0000000601000000, 0x0000000601400000|  0%| F|  |TAMS 0x0000000601000000| PB 0x0000000601000000| Untracked 
|   5|0x0000000601400000, 0x0000000601400000, 0x0000000601800000|  0%| F|  |TAMS 0x0000000601400000| PB 0x0000000601400000| Untracked 
|   6|0x0000000601800000, 0x0000000601800000, 0x0000000601c00000|  0%| F|  |TAMS 0x0000000601800000| PB 0x0000000601800000| Untracked 
|   7|0x0000000601c00000, 0x0000000601c00000, 0x0000000602000000|  0%| F|  |TAMS 0x0000000601c00000| PB 0x0000000601c00000| Untracked 
|   8|0x0000000602000000, 0x0000000602000000, 0x0000000602400000|  0%| F|  |TAMS 0x0000000602000000| PB 0x0000000602000000| Untracked 
|   9|0x0000000602400000, 0x0000000602400000, 0x0000000602800000|  0%| F|  |TAMS 0x0000000602400000| PB 0x0000000602400000| Untracked 
|  10|0x0000000602800000, 0x0000000602800000, 0x0000000602c00000|  0%| F|  |TAMS 0x0000000602800000| PB 0x0000000602800000| Untracked 
|  11|0x0000000602c00000, 0x0000000602f05c08, 0x0000000603000000| 75%| S|CS|TAMS 0x0000000602c00000| PB 0x0000000602c00000| Complete 
|  12|0x0000000603000000, 0x0000000603400000, 0x0000000603400000|100%| S|CS|TAMS 0x0000000603000000| PB 0x0000000603000000| Complete 
|  13|0x0000000603400000, 0x0000000603400000, 0x0000000603800000|  0%| F|  |TAMS 0x0000000603400000| PB 0x0000000603400000| Untracked 
|  14|0x0000000603800000, 0x0000000603800000, 0x0000000603c00000|  0%| F|  |TAMS 0x0000000603800000| PB 0x0000000603800000| Untracked 
|  15|0x0000000603c00000, 0x0000000603f01160, 0x0000000604000000| 75%| E|  |TAMS 0x0000000603c00000| PB 0x0000000603c00000| Complete 
|  16|0x0000000604000000, 0x0000000604400000, 0x0000000604400000|100%| E|CS|TAMS 0x0000000604000000| PB 0x0000000604000000| Complete 
|  17|0x0000000604400000, 0x0000000604800000, 0x0000000604800000|100%| E|  |TAMS 0x0000000604400000| PB 0x0000000604400000| Complete 
|  18|0x0000000604800000, 0x0000000604c00000, 0x0000000604c00000|100%| E|CS|TAMS 0x0000000604800000| PB 0x0000000604800000| Complete 
|  19|0x0000000604c00000, 0x0000000605000000, 0x0000000605000000|100%| E|CS|TAMS 0x0000000604c00000| PB 0x0000000604c00000| Complete 
|  20|0x0000000605000000, 0x0000000605400000, 0x0000000605400000|100%| E|CS|TAMS 0x0000000605000000| PB 0x0000000605000000| Complete 
|  21|0x0000000605400000, 0x0000000605800000, 0x0000000605800000|100%| E|CS|TAMS 0x0000000605400000| PB 0x0000000605400000| Complete 
|  22|0x0000000605800000, 0x0000000605c00000, 0x0000000605c00000|100%| E|CS|TAMS 0x0000000605800000| PB 0x0000000605800000| Complete 
|  23|0x0000000605c00000, 0x0000000606000000, 0x0000000606000000|100%| E|CS|TAMS 0x0000000605c00000| PB 0x0000000605c00000| Complete 
|  24|0x0000000606000000, 0x0000000606400000, 0x0000000606400000|100%| E|CS|TAMS 0x0000000606000000| PB 0x0000000606000000| Complete 
|  25|0x0000000606400000, 0x0000000606800000, 0x0000000606800000|100%| E|CS|TAMS 0x0000000606400000| PB 0x0000000606400000| Complete 
|  26|0x0000000606800000, 0x0000000606c00000, 0x0000000606c00000|100%| E|CS|TAMS 0x0000000606800000| PB 0x0000000606800000| Complete 
|  27|0x0000000606c00000, 0x0000000607000000, 0x0000000607000000|100%| E|CS|TAMS 0x0000000606c00000| PB 0x0000000606c00000| Complete 
|  28|0x0000000607000000, 0x0000000607400000, 0x0000000607400000|100%| E|CS|TAMS 0x0000000607000000| PB 0x0000000607000000| Complete 
|  29|0x0000000607400000, 0x0000000607800000, 0x0000000607800000|100%| E|CS|TAMS 0x0000000607400000| PB 0x0000000607400000| Complete 
|  30|0x0000000607800000, 0x0000000607c00000, 0x0000000607c00000|100%| E|CS|TAMS 0x0000000607800000| PB 0x0000000607800000| Complete 

Card table byte_map: [0x0000012ad7c60000,0x0000012ad8c60000] _byte_map_base: 0x0000012ad4c60000

Marking Bits: (CMBitMap*) 0x0000012ae0ca1740
 Bits: [0x0000012ad8c60000, 0x0000012ae0c60000)

Polling page: 0x0000012ab1290000

Metaspace:

Usage:
  Non-class:     15.90 MB used.
      Class:      2.47 MB used.
       Both:     18.37 MB used.

Virtual space:
  Non-class space:       64.00 MB reserved,      16.19 MB ( 25%) committed,  1 nodes.
      Class space:        1.00 GB reserved,       2.69 MB ( <1%) committed,  1 nodes.
             Both:        1.06 GB reserved,      18.88 MB (  2%) committed. 

Chunk freelists:
   Non-Class:  15.53 MB
       Class:  13.33 MB
        Both:  28.86 MB

MaxMetaspaceSize: 4.00 GB
CompressedClassSpaceSize: 1.00 GB
Initial GC threshold: 21.00 MB
Current GC threshold: 21.00 MB
CDS: on
 - commit_granule_bytes: 65536.
 - commit_granule_words: 8192.
 - virtual_space_node_default_size: 8388608.
 - enlarge_chunks_in_place: 1.
 - use_allocation_guard: 0.


Internal statistics:

num_allocs_failed_limit: 0.
num_arena_births: 698.
num_arena_deaths: 0.
num_vsnodes_births: 2.
num_vsnodes_deaths: 0.
num_space_committed: 302.
num_space_uncommitted: 0.
num_chunks_returned_to_freelist: 0.
num_chunks_taken_from_freelist: 1387.
num_chunk_merges: 0.
num_chunk_splits: 913.
num_chunks_enlarged: 628.
num_inconsistent_stats: 0.

CodeHeap 'non-profiled nmethods': size=259264Kb used=1531Kb max_used=1531Kb free=257732Kb
 bounds [0x0000012ac67c0000, 0x0000012ac6a30000, 0x0000012ad64f0000]
CodeHeap 'profiled nmethods': size=259264Kb used=6020Kb max_used=6020Kb free=253244Kb
 bounds [0x0000012ab64f0000, 0x0000012ab6ae0000, 0x0000012ac6220000]
CodeHeap 'non-nmethods': size=5760Kb used=1420Kb max_used=1470Kb free=4340Kb
 bounds [0x0000012ac6220000, 0x0000012ac6490000, 0x0000012ac67c0000]
CodeCache: size=524288Kb, used=8971Kb, max_used=9021Kb, free=515316Kb
 total_blobs=3583, nmethods=3002, adapters=485, full_count=0
Compilation: enabled, stopped_count=0, restarted_count=0

Compilation events (20 events):
Event: 40.511 Thread 0x0000012ae0e58160 2996       3       java.lang.invoke.DirectMethodHandle::makeAllocator (137 bytes)
Event: 40.512 Thread 0x0000012ae0e58160 nmethod 2996 0x0000012ab6ac8790 code [0x0000012ab6ac89a0, 0x0000012ab6ac8e30]
Event: 40.546 Thread 0x0000012ae0e58160 2997       3       com.google.common.base.Preconditions::checkArgument (28 bytes)
Event: 40.547 Thread 0x0000012ae0e58160 nmethod 2997 0x0000012ab6ac9090 code [0x0000012ab6ac9280, 0x0000012ab6ac98b8]
Event: 40.547 Thread 0x0000012ae0e58160 2998       3       com.google.common.io.BaseEncoding$Alphabet::encode (7 bytes)
Event: 40.548 Thread 0x0000012ae0e58160 nmethod 2998 0x0000012ab6ac9b10 code [0x0000012ab6ac9cc0, 0x0000012ab6ac9e00]
Event: 40.590 Thread 0x0000012ae0e58160 3000       3       org.gradle.internal.service.DefaultServiceRegistry::isAssignableFromAnyType (41 bytes)
Event: 40.590 Thread 0x0000012ae0e58160 nmethod 3000 0x0000012ab6ac9f10 code [0x0000012ab6aca120, 0x0000012ab6aca6b0]
Event: 40.590 Thread 0x0000012ae0e58160 2999       3       org.gradle.internal.service.DefaultServiceRegistry::access$1500 (6 bytes)
Event: 40.590 Thread 0x0000012ae0e58160 nmethod 2999 0x0000012ab6aca890 code [0x0000012ab6acaa40, 0x0000012ab6acab58]
Event: 40.590 Thread 0x0000012ae0e58160 3001       3       org.gradle.internal.service.DefaultServiceRegistry$CollectingVisitor::visit (25 bytes)
Event: 40.591 Thread 0x0000012ae0e58160 nmethod 3001 0x0000012ab6acac10 code [0x0000012ab6acade0, 0x0000012ab6acb0d0]
Event: 40.591 Thread 0x0000012ae0e58160 3002       3       java.lang.invoke.MethodType::methodType (44 bytes)
Event: 40.591 Thread 0x0000012ae0e58160 nmethod 3002 0x0000012ab6acb210 code [0x0000012ab6acb400, 0x0000012ab6acb8b0]
Event: 40.662 Thread 0x0000012ae0e58160 3003   !   3       org.gradle.internal.classloader.TransformingClassLoader::findClass (203 bytes)
Event: 40.666 Thread 0x0000012ae0e58160 nmethod 3003 0x0000012ab6acba10 code [0x0000012ab6acbf60, 0x0000012ab6ace768]
Event: 40.666 Thread 0x0000012ae0e58160 3004       3       org.gradle.initialization.MixInLegacyTypesClassLoader::shouldTransform (42 bytes)
Event: 40.666 Thread 0x0000012ae0e58160 nmethod 3004 0x0000012ab6acf890 code [0x0000012ab6acfa60, 0x0000012ab6acfe60]
Event: 40.711 Thread 0x0000012ae0e576c0 nmethod 2939 0x0000012ac6930790 code [0x0000012ac6931240, 0x0000012ac693a080]
Event: 40.714 Thread 0x0000012ae0e576c0 2971       4       jdk.internal.org.objectweb.asm.SymbolTable::addConstantMemberReference (147 bytes)

GC Heap History (6 events):
Event: 4.319 GC heap before
{Heap before GC invocations=0 (full 0):
 garbage-first heap   total 126976K, used 20480K [0x0000000600000000, 0x0000000800000000)
  region size 4096K, 5 young (20480K), 0 survivors (0K)
 Metaspace       used 858K, committed 1024K, reserved 1114112K
  class space    used 70K, committed 128K, reserved 1048576K
}
Event: 4.417 GC heap after
{Heap after GC invocations=1 (full 0):
 garbage-first heap   total 126976K, used 1616K [0x0000000600000000, 0x0000000800000000)
  region size 4096K, 1 young (4096K), 1 survivors (4096K)
 Metaspace       used 858K, committed 1024K, reserved 1114112K
  class space    used 70K, committed 128K, reserved 1048576K
}
Event: 12.543 GC heap before
{Heap before GC invocations=1 (full 0):
 garbage-first heap   total 126976K, used 38480K [0x0000000600000000, 0x0000000800000000)
  region size 4096K, 10 young (40960K), 1 survivors (4096K)
 Metaspace       used 4577K, committed 4864K, reserved 1114112K
  class space    used 582K, committed 704K, reserved 1048576K
}
Event: 12.563 GC heap after
{Heap after GC invocations=2 (full 0):
 garbage-first heap   total 126976K, used 11533K [0x0000000600000000, 0x0000000800000000)
  region size 4096K, 2 young (8192K), 2 survivors (8192K)
 Metaspace       used 4577K, committed 4864K, reserved 1114112K
  class space    used 582K, committed 704K, reserved 1048576K
}
Event: 23.119 GC heap before
{Heap before GC invocations=2 (full 0):
 garbage-first heap   total 126976K, used 72973K [0x0000000600000000, 0x0000000800000000)
  region size 4096K, 18 young (73728K), 2 survivors (8192K)
 Metaspace       used 7367K, committed 7680K, reserved 1114112K
  class space    used 1002K, committed 1152K, reserved 1048576K
}
Event: 23.142 GC heap after
{Heap after GC invocations=3 (full 0):
 garbage-first heap   total 126976K, used 18749K [0x0000000600000000, 0x0000000800000000)
  region size 4096K, 2 young (8192K), 2 survivors (8192K)
 Metaspace       used 7367K, committed 7680K, reserved 1114112K
  class space    used 1002K, committed 1152K, reserved 1048576K
}

Dll operation events (20 events):
Event: 1.047 Attempting to load shared library C:\Users\filip\.vscode\extensions\redhat.java-1.56.0-win32-x64\jre\21.0.12.1-win32-x86_64\bin\nio.dll
Event: 1.048 Loaded shared library C:\Users\filip\.vscode\extensions\redhat.java-1.56.0-win32-x64\jre\21.0.12.1-win32-x86_64\bin\nio.dll
Event: 1.055 Attempting to load shared library C:\Users\filip\.vscode\extensions\redhat.java-1.56.0-win32-x64\jre\21.0.12.1-win32-x86_64\bin\zip.dll
Event: 1.055 Loaded shared library C:\Users\filip\.vscode\extensions\redhat.java-1.56.0-win32-x64\jre\21.0.12.1-win32-x86_64\bin\zip.dll
Event: 4.550 Attempting to load shared library C:\Users\filip\.vscode\extensions\redhat.java-1.56.0-win32-x64\jre\21.0.12.1-win32-x86_64\bin\jimage.dll
Event: 4.550 Loaded shared library C:\Users\filip\.vscode\extensions\redhat.java-1.56.0-win32-x64\jre\21.0.12.1-win32-x86_64\bin\jimage.dll
Event: 7.701 Attempting to load shared library C:\Users\filip\.vscode\extensions\redhat.java-1.56.0-win32-x64\jre\21.0.12.1-win32-x86_64\bin\verify.dll
Event: 7.703 Loaded shared library C:\Users\filip\.vscode\extensions\redhat.java-1.56.0-win32-x64\jre\21.0.12.1-win32-x86_64\bin\verify.dll
Event: 8.248 Attempting to load shared library C:\Users\filip\.gradle\native\660c5614fbf4a5f2a75b1949f50a0caf5cd603558e7d8a26e50b933a0cfb79d1\windows-amd64\native-platform.dll
Event: 8.266 Loaded shared library C:\Users\filip\.gradle\native\660c5614fbf4a5f2a75b1949f50a0caf5cd603558e7d8a26e50b933a0cfb79d1\windows-amd64\native-platform.dll
Event: 8.381 Attempting to load shared library C:\Users\filip\.gradle\native\0.2.8\x86_64-windows-gnu\gradle-fileevents.dll
Event: 8.398 Loaded shared library C:\Users\filip\.gradle\native\0.2.8\x86_64-windows-gnu\gradle-fileevents.dll
Event: 22.527 Attempting to load shared library C:\Users\filip\.vscode\extensions\redhat.java-1.56.0-win32-x64\jre\21.0.12.1-win32-x86_64\bin\management.dll
Event: 22.540 Loaded shared library C:\Users\filip\.vscode\extensions\redhat.java-1.56.0-win32-x64\jre\21.0.12.1-win32-x86_64\bin\management.dll
Event: 22.559 Attempting to load shared library C:\Users\filip\.vscode\extensions\redhat.java-1.56.0-win32-x64\jre\21.0.12.1-win32-x86_64\bin\management_ext.dll
Event: 22.685 Loaded shared library C:\Users\filip\.vscode\extensions\redhat.java-1.56.0-win32-x64\jre\21.0.12.1-win32-x86_64\bin\management_ext.dll
Event: 28.842 Attempting to load shared library C:\Users\filip\.vscode\extensions\redhat.java-1.56.0-win32-x64\jre\21.0.12.1-win32-x86_64\bin\extnet.dll
Event: 28.843 Loaded shared library C:\Users\filip\.vscode\extensions\redhat.java-1.56.0-win32-x64\jre\21.0.12.1-win32-x86_64\bin\extnet.dll
Event: 33.453 Attempting to load shared library C:\Users\filip\.vscode\extensions\redhat.java-1.56.0-win32-x64\jre\21.0.12.1-win32-x86_64\bin\sunmscapi.dll
Event: 33.476 Loaded shared library C:\Users\filip\.vscode\extensions\redhat.java-1.56.0-win32-x64\jre\21.0.12.1-win32-x86_64\bin\sunmscapi.dll

Deoptimization events (20 events):
Event: 36.559 Thread 0x0000012b298521f0 Uncommon trap: trap_request=0xffffff45 fr.pc=0x0000012ac67e8c64 relative=0x00000000000004c4
Event: 36.559 Thread 0x0000012b298521f0 Uncommon trap: reason=unstable_if action=reinterpret pc=0x0000012ac67e8c64 method=java.util.regex.Matcher.match(II)Z @ 76 c2
Event: 36.559 Thread 0x0000012b298521f0 DEOPT PACKING pc=0x0000012ac67e8c64 sp=0x0000002167ffa940
Event: 36.559 Thread 0x0000012b298521f0 DEOPT UNPACKING pc=0x0000012ac6274422 sp=0x0000002167ffa8f8 mode 2
Event: 37.137 Thread 0x0000012b298521f0 Uncommon trap: trap_request=0xffffff45 fr.pc=0x0000012ac67e66cc relative=0x0000000000000d4c
Event: 37.137 Thread 0x0000012b298521f0 Uncommon trap: reason=unstable_if action=reinterpret pc=0x0000012ac67e66cc method=java.io.WinNTFileSystem.resolve(Ljava/lang/String;Ljava/lang/String;)Ljava/lang/String; @ 19 c2
Event: 37.137 Thread 0x0000012b298521f0 DEOPT PACKING pc=0x0000012ac67e66cc sp=0x0000002167ffb200
Event: 37.137 Thread 0x0000012b298521f0 DEOPT UNPACKING pc=0x0000012ac6274422 sp=0x0000002167ffb198 mode 2
Event: 37.142 Thread 0x0000012b298521f0 DEOPT PACKING pc=0x0000012ab65e5a59 sp=0x0000002167ffac40
Event: 37.142 Thread 0x0000012b298521f0 DEOPT UNPACKING pc=0x0000012ac6274bc2 sp=0x0000002167ffa0d8 mode 0
Event: 37.143 Thread 0x0000012b298521f0 Uncommon trap: trap_request=0xffffff45 fr.pc=0x0000012ac67f3c7c relative=0x000000000000061c
Event: 37.143 Thread 0x0000012b298521f0 Uncommon trap: reason=unstable_if action=reinterpret pc=0x0000012ac67f3c7c method=java.io.File.getName()Ljava/lang/String; @ 16 c2
Event: 37.143 Thread 0x0000012b298521f0 DEOPT PACKING pc=0x0000012ac67f3c7c sp=0x0000002167ffb1c0
Event: 37.144 Thread 0x0000012b298521f0 DEOPT UNPACKING pc=0x0000012ac6274422 sp=0x0000002167ffb190 mode 2
Event: 39.859 Thread 0x0000012b298521f0 Uncommon trap: trap_request=0xffffff45 fr.pc=0x0000012ac67ebf94 relative=0x00000000000000f4
Event: 39.859 Thread 0x0000012b298521f0 Uncommon trap: reason=unstable_if action=reinterpret pc=0x0000012ac67ebf94 method=java.util.HashMap.hash(Ljava/lang/Object;)I @ 1 c2
Event: 39.859 Thread 0x0000012b298521f0 DEOPT PACKING pc=0x0000012ac67ebf94 sp=0x0000002167ffc090
Event: 39.859 Thread 0x0000012b298521f0 DEOPT UNPACKING pc=0x0000012ac6274422 sp=0x0000002167ffbfd0 mode 2
Event: 39.969 Thread 0x0000012b298521f0 DEOPT PACKING pc=0x0000012ab69ad276 sp=0x0000002167ffbd60
Event: 39.969 Thread 0x0000012b298521f0 DEOPT UNPACKING pc=0x0000012ac6274bc2 sp=0x0000002167ffb270 mode 0

Classes loaded (20 events):
Event: 40.101 Loading class java/lang/invoke/BoundMethodHandle$Species_LLLLLLLLLLLLLL
Event: 40.101 Loading class java/lang/invoke/BoundMethodHandle$Species_LLLLLLLLLLLLLL done
Event: 40.110 Loading class java/lang/invoke/BoundMethodHandle$Species_LLLLLLLLLLLLLLL
Event: 40.110 Loading class java/lang/invoke/BoundMethodHandle$Species_LLLLLLLLLLLLLLL done
Event: 40.131 Loading class java/lang/invoke/BoundMethodHandle$Species_LLLLLLLLLLLLLLLL
Event: 40.131 Loading class java/lang/invoke/BoundMethodHandle$Species_LLLLLLLLLLLLLLLL done
Event: 40.144 Loading class java/lang/invoke/BoundMethodHandle$Species_LLLLLLLLLLLLLLLLL
Event: 40.144 Loading class java/lang/invoke/BoundMethodHandle$Species_LLLLLLLLLLLLLLLLL done
Event: 40.150 Loading class java/lang/invoke/BoundMethodHandle$Species_LLLLLLLLLLLLLLLLLL
Event: 40.150 Loading class java/lang/invoke/BoundMethodHandle$Species_LLLLLLLLLLLLLLLLLL done
Event: 40.156 Loading class java/lang/invoke/BoundMethodHandle$Species_LLLLLLLLLLLLLLLLLLL
Event: 40.156 Loading class java/lang/invoke/BoundMethodHandle$Species_LLLLLLLLLLLLLLLLLLL done
Event: 40.165 Loading class java/lang/invoke/BoundMethodHandle$Species_LLLLLLLLLLLLLLLLLLLL
Event: 40.165 Loading class java/lang/invoke/BoundMethodHandle$Species_LLLLLLLLLLLLLLLLLLLL done
Event: 40.179 Loading class java/lang/invoke/BoundMethodHandle$Species_LLLLLLLLLLLLLLLLLLLLL
Event: 40.179 Loading class java/lang/invoke/BoundMethodHandle$Species_LLLLLLLLLLLLLLLLLLLLL done
Event: 40.189 Loading class java/lang/invoke/BoundMethodHandle$Species_LLLLLLLLLLLLLLLLLLLLLL
Event: 40.189 Loading class java/lang/invoke/BoundMethodHandle$Species_LLLLLLLLLLLLLLLLLLLLLL done
Event: 40.199 Loading class java/lang/invoke/BoundMethodHandle$Species_LLLLLLLLLLLLLLLLLLLLLLL
Event: 40.199 Loading class java/lang/invoke/BoundMethodHandle$Species_LLLLLLLLLLLLLLLLLLLLLLL done

Classes unloaded (0 events):
No events

Classes redefined (0 events):
No events

Internal exceptions (20 events):
Event: 35.933 Thread 0x0000012b298521f0 Exception <a 'java/lang/NoSuchMethodError'{0x0000000605631250}: 'java.lang.Object java.lang.invoke.DirectMethodHandle$Holder.newInvokeSpecial(java.lang.Object, java.lang.Object, int)'> (0x0000000605631250) 
thrown [s\src\hotspot\share\interpreter\linkResolver.cpp, line 773]
Event: 36.738 Thread 0x0000012b298521f0 Exception <a 'java/lang/NoSuchMethodError'{0x0000000605236ef8}: 'java.lang.Object java.lang.invoke.DirectMethodHandle$Holder.invokeVirtual(java.lang.Object, java.lang.Object, java.lang.Object, java.lang.Object, java.lang.Object, java.lang.Object, java.lang.Object, java.lang.Object)'> (0x0000000605236ef8) 
thrown [s\src\hotspot\share\interpreter\linkResolver.cpp, line 773]
Event: 37.127 Thread 0x0000012b298521f0 Exception <a 'java/lang/NoSuchMethodError'{0x00000006052f0040}: 'java.lang.Object java.lang.invoke.DirectMethodHandle$Holder.invokeVirtual(java.lang.Object, java.lang.Object, java.lang.Object, java.lang.Object, java.lang.Object, java.lang.Object, java.lang.Object, java.lang.Object, java.lang.Object, java.lang.Object)'> (0x00000006052f0040) 
thrown [s\src\hotspot\share\interpreter\linkResolver.cpp, line 773]
Event: 37.239 Thread 0x0000012b298521f0 Exception <a 'java/lang/NoSuchMethodError'{0x0000000604c5b5e8}: 'void java.lang.invoke.DirectMethodHandle$Holder.invokeStatic(java.lang.Object, java.lang.Object, java.lang.Object, java.lang.Object)'> (0x0000000604c5b5e8) 
thrown [s\src\hotspot\share\interpreter\linkResolver.cpp, line 773]
Event: 37.240 Thread 0x0000012b298521f0 Exception <a 'java/lang/NoSuchMethodError'{0x0000000604c5f3a0}: 'void java.lang.invoke.DirectMethodHandle$Holder.invokeStaticInit(java.lang.Object, java.lang.Object, java.lang.Object, java.lang.Object)'> (0x0000000604c5f3a0) 
thrown [s\src\hotspot\share\interpreter\linkResolver.cpp, line 773]
Event: 38.041 Thread 0x0000012b298521f0 Exception <a 'java/lang/NoSuchMethodError'{0x0000000604cbb7b8}: 'java.lang.Object java.lang.invoke.DirectMethodHandle$Holder.invokeInterface(java.lang.Object, java.lang.Object, java.lang.Object)'> (0x0000000604cbb7b8) 
thrown [s\src\hotspot\share\interpreter\linkResolver.cpp, line 773]
Event: 38.127 Thread 0x0000012b298521f0 Exception <a 'java/lang/NoSuchMethodError'{0x0000000604dc8080}: 'int java.lang.invoke.DirectMethodHandle$Holder.invokeSpecialIFC(java.lang.Object, java.lang.Object, java.lang.Object, java.lang.Object)'> (0x0000000604dc8080) 
thrown [s\src\hotspot\share\interpreter\linkResolver.cpp, line 773]
Event: 38.134 Thread 0x0000012b298521f0 Exception <a 'java/lang/IncompatibleClassChangeError'{0x0000000604dd54d8}: Found class java.lang.Object, but interface was expected> (0x0000000604dd54d8) 
thrown [s\src\hotspot\share\interpreter\linkResolver.cpp, line 840]
Event: 39.859 Thread 0x0000012b298521f0 Implicit null exception at 0x0000012ac67ebee6 to 0x0000012ac67ebf8a
Event: 40.074 Thread 0x0000012b298521f0 Exception <a 'java/lang/NoSuchMethodError'{0x00000006049e1bc8}: 'java.lang.Object java.lang.invoke.DelegatingMethodHandle$Holder.reinvoke_L(java.lang.Object, java.lang.Object, java.lang.Object, java.lang.Object, java.lang.Object, java.lang.Object, java.lang.Object, java.lang.Object, java.lang.Object, java.lang.Object, java.lang.Object, java.lang.Object, java.lang.Object, java.lang.Object, java.lang.Object, java.lang.Object, java.lang.Object, java.lang.Object, java.lang.Object, java.lang.Object, java.lang.O
Event: 40.107 Thread 0x0000012b298521f0 Exception <a 'java/lang/NoSuchMethodError'{0x0000000604a4fb88}: 'java.lang.Object java.lang.invoke.DirectMethodHandle$Holder.invokeStatic(java.lang.Object, java.lang.Object, java.lang.Object, java.lang.Object, java.lang.Object, java.lang.Object, java.lang.Object, java.lang.Object, java.lang.Object, java.lang.Object, java.lang.Object, java.lang.Object, java.lang.Object, java.lang.Object, java.lang.Object, java.lang.Object, java.lang.Object)'> (0x0000000604a4fb88) 
thrown [s\src\hotspot\share\interpreter\lin
Event: 40.119 Thread 0x0000012b298521f0 Exception <a 'java/lang/NoSuchMethodError'{0x0000000604a7e728}: 'java.lang.Object java.lang.invoke.DirectMethodHandle$Holder.invokeStatic(java.lang.Object, java.lang.Object, java.lang.Object, java.lang.Object, java.lang.Object, java.lang.Object, java.lang.Object, java.lang.Object, java.lang.Object, java.lang.Object, java.lang.Object, java.lang.Object, java.lang.Object, java.lang.Object, java.lang.Object, java.lang.Object, java.lang.Object, java.lang.Object)'> (0x0000000604a7e728) 
thrown [s\src\hotspot\sha
Event: 40.138 Thread 0x0000012b298521f0 Exception <a 'java/lang/NoSuchMethodError'{0x0000000604aa8a10}: 'java.lang.Object java.lang.invoke.DirectMethodHandle$Holder.invokeStatic(java.lang.Object, java.lang.Object, java.lang.Object, java.lang.Object, java.lang.Object, java.lang.Object, java.lang.Object, java.lang.Object, java.lang.Object, java.lang.Object, java.lang.Object, java.lang.Object, java.lang.Object, java.lang.Object, java.lang.Object, java.lang.Object, java.lang.Object, java.lang.Object, java.lang.Object)'> (0x0000000604aa8a10) 
thrown 
Event: 40.147 Thread 0x0000012b298521f0 Exception <a 'java/lang/NoSuchMethodError'{0x0000000604ad3f38}: 'java.lang.Object java.lang.invoke.DirectMethodHandle$Holder.invokeStatic(java.lang.Object, java.lang.Object, java.lang.Object, java.lang.Object, java.lang.Object, java.lang.Object, java.lang.Object, java.lang.Object, java.lang.Object, java.lang.Object, java.lang.Object, java.lang.Object, java.lang.Object, java.lang.Object, java.lang.Object, java.lang.Object, java.lang.Object, java.lang.Object, java.lang.Object, java.lang.Object)'> (0x00000006
Event: 40.153 Thread 0x0000012b298521f0 Exception <a 'java/lang/NoSuchMethodError'{0x0000000604b00ba8}: 'java.lang.Object java.lang.invoke.DirectMethodHandle$Holder.invokeStatic(java.lang.Object, java.lang.Object, java.lang.Object, java.lang.Object, java.lang.Object, java.lang.Object, java.lang.Object, java.lang.Object, java.lang.Object, java.lang.Object, java.lang.Object, java.lang.Object, java.lang.Object, java.lang.Object, java.lang.Object, java.lang.Object, java.lang.Object, java.lang.Object, java.lang.Object, java.lang.Object, java.lang.Obj
Event: 40.159 Thread 0x0000012b298521f0 Exception <a 'java/lang/NoSuchMethodError'{0x0000000604b2e3c0}: 'java.lang.Object java.lang.invoke.DirectMethodHandle$Holder.invokeStatic(java.lang.Object, java.lang.Object, java.lang.Object, java.lang.Object, java.lang.Object, java.lang.Object, java.lang.Object, java.lang.Object, java.lang.Object, java.lang.Object, java.lang.Object, java.lang.Object, java.lang.Object, java.lang.Object, java.lang.Object, java.lang.Object, java.lang.Object, java.lang.Object, java.lang.Object, java.lang.Object, java.lang.Obj
Event: 40.168 Thread 0x0000012b298521f0 Exception <a 'java/lang/NoSuchMethodError'{0x0000000604b5c680}: 'java.lang.Object java.lang.invoke.DirectMethodHandle$Holder.invokeStatic(java.lang.Object, java.lang.Object, java.lang.Object, java.lang.Object, java.lang.Object, java.lang.Object, java.lang.Object, java.lang.Object, java.lang.Object, java.lang.Object, java.lang.Object, java.lang.Object, java.lang.Object, java.lang.Object, java.lang.Object, java.lang.Object, java.lang.Object, java.lang.Object, java.lang.Object, java.lang.Object, java.lang.Obj
Event: 40.183 Thread 0x0000012b298521f0 Exception <a 'java/lang/NoSuchMethodError'{0x0000000604b8bb30}: 'java.lang.Object java.lang.invoke.DirectMethodHandle$Holder.invokeStatic(java.lang.Object, java.lang.Object, java.lang.Object, java.lang.Object, java.lang.Object, java.lang.Object, java.lang.Object, java.lang.Object, java.lang.Object, java.lang.Object, java.lang.Object, java.lang.Object, java.lang.Object, java.lang.Object, java.lang.Object, java.lang.Object, java.lang.Object, java.lang.Object, java.lang.Object, java.lang.Object, java.lang.Obj
Event: 40.193 Thread 0x0000012b298521f0 Exception <a 'java/lang/NoSuchMethodError'{0x0000000604bbb910}: 'java.lang.Object java.lang.invoke.DirectMethodHandle$Holder.invokeStatic(java.lang.Object, java.lang.Object, java.lang.Object, java.lang.Object, java.lang.Object, java.lang.Object, java.lang.Object, java.lang.Object, java.lang.Object, java.lang.Object, java.lang.Object, java.lang.Object, java.lang.Object, java.lang.Object, java.lang.Object, java.lang.Object, java.lang.Object, java.lang.Object, java.lang.Object, java.lang.Object, java.lang.Obj
Event: 40.202 Thread 0x0000012b298521f0 Exception <a 'java/lang/NoSuchMethodError'{0x0000000604bed2a0}: 'java.lang.Object java.lang.invoke.DirectMethodHandle$Holder.invokeStatic(java.lang.Object, java.lang.Object, java.lang.Object, java.lang.Object, java.lang.Object, java.lang.Object, java.lang.Object, java.lang.Object, java.lang.Object, java.lang.Object, java.lang.Object, java.lang.Object, java.lang.Object, java.lang.Object, java.lang.Object, java.lang.Object, java.lang.Object, java.lang.Object, java.lang.Object, java.lang.Object, java.lang.Obj

ZGC Phase Switch (0 events):
No events

VM Operations (20 events):
Event: 33.375 Executing non-safepoint VM operation: HandshakeAllThreads (Deoptimize)
Event: 33.375 Executing non-safepoint VM operation: HandshakeAllThreads (Deoptimize) done
Event: 34.385 Executing safepoint VM operation: Cleanup
Event: 34.385 Executing safepoint VM operation: Cleanup done
Event: 35.393 Executing safepoint VM operation: Cleanup
Event: 35.393 Executing safepoint VM operation: Cleanup done
Event: 35.928 Executing non-safepoint VM operation: HandshakeAllThreads (Deoptimize)
Event: 35.928 Executing non-safepoint VM operation: HandshakeAllThreads (Deoptimize) done
Event: 36.938 Executing safepoint VM operation: Cleanup
Event: 37.112 Executing safepoint VM operation: Cleanup done
Event: 38.121 Executing safepoint VM operation: Cleanup
Event: 38.122 Executing safepoint VM operation: Cleanup done
Event: 39.134 Executing safepoint VM operation: Cleanup
Event: 39.134 Executing safepoint VM operation: Cleanup done
Event: 40.143 Executing safepoint VM operation: Cleanup
Event: 40.143 Executing safepoint VM operation: Cleanup done
Event: 40.239 Executing non-safepoint VM operation: HandshakeAllThreads (Deoptimize)
Event: 40.239 Executing non-safepoint VM operation: HandshakeAllThreads (Deoptimize) done
Event: 40.240 Executing non-safepoint VM operation: HandshakeAllThreads (Deoptimize)
Event: 40.240 Executing non-safepoint VM operation: HandshakeAllThreads (Deoptimize) done

Memory protections (0 events):
No events

Nmethod flushes (0 events):
No events

Events (20 events):
Event: 0.375 Thread 0x0000012ab0f97610 Thread added: 0x0000012ae0e55ed0
Event: 0.375 Thread 0x0000012ab0f97610 Thread added: 0x0000012ae0e56930
Event: 0.375 Thread 0x0000012ab0f97610 Thread added: 0x0000012ae0e576c0
Event: 0.376 Thread 0x0000012ab0f97610 Thread added: 0x0000012ae0e58160
Event: 0.962 Thread 0x0000012ab0f97610 Thread added: 0x0000012ae3b66d00
Event: 1.453 Thread 0x0000012ab0f97610 Thread added: 0x0000012ae3c32520
Event: 22.955 Thread 0x0000012ab0f97610 Thread added: 0x0000012ae39bd6f0
Event: 30.475 Thread 0x0000012ab0f97610 Thread added: 0x0000012b29f41910
Event: 30.883 Thread 0x0000012ab0f97610 Thread added: 0x0000012b2a50df20
Event: 33.590 Thread 0x0000012b29f41910 Thread added: 0x0000012ae399d840
Event: 33.613 Thread 0x0000012ae399d840 Thread added: 0x0000012b2974f610
Event: 33.948 Thread 0x0000012ae399d840 Thread added: 0x0000012b298658b0
Event: 34.006 Thread 0x0000012ae399d840 Thread added: 0x0000012b298521f0
Event: 34.031 Thread 0x0000012b298521f0 Thread added: 0x0000012b29852880
Event: 34.043 Thread 0x0000012b298521f0 Thread added: 0x0000012b29850120
Event: 34.068 Thread 0x0000012b298521f0 Thread added: 0x0000012b298535a0
Event: 35.929 Thread 0x0000012b298521f0 Thread added: 0x0000012b29852f10
Event: 35.991 Thread 0x0000012b298521f0 Thread added: 0x0000012b29850e40
Event: 36.769 Thread 0x0000012b298521f0 Thread added: 0x0000012b29851b60
Event: 37.117 Thread 0x0000012b29850e40 Thread added: 0x0000012b298507b0


Dynamic libraries:
0x00007ff6acbf0000 - 0x00007ff6acbfe000 	C:\Users\filip\.vscode\extensions\redhat.java-1.56.0-win32-x64\jre\21.0.12.1-win32-x86_64\bin\java.exe
0x00007ffb1f440000 - 0x00007ffb1f6a7000 	C:\WINDOWS\SYSTEM32\ntdll.dll
0x00007ffb1e860000 - 0x00007ffb1e92a000 	C:\WINDOWS\System32\KERNEL32.DLL
0x00007ffb1c7c0000 - 0x00007ffb1cbc2000 	C:\WINDOWS\System32\KERNELBASE.dll
0x00007ffb15bd0000 - 0x00007ffb15c6f000 	C:\WINDOWS\SYSTEM32\apphelp.dll
0x00007ffb1cee0000 - 0x00007ffb1d02c000 	C:\WINDOWS\System32\ucrtbase.dll
0x00007ffaf6670000 - 0x00007ffaf668e000 	C:\Users\filip\.vscode\extensions\redhat.java-1.56.0-win32-x64\jre\21.0.12.1-win32-x86_64\bin\VCRUNTIME140.dll
0x00007ffaf7f90000 - 0x00007ffaf7fa8000 	C:\Users\filip\.vscode\extensions\redhat.java-1.56.0-win32-x64\jre\21.0.12.1-win32-x86_64\bin\jli.dll
0x00007ffb1ef10000 - 0x00007ffb1f0df000 	C:\WINDOWS\System32\USER32.dll
0x00007ffb1c650000 - 0x00007ffb1c677000 	C:\WINDOWS\System32\win32u.dll
0x00007ffaf9da0000 - 0x00007ffafa030000 	C:\WINDOWS\WinSxS\amd64_microsoft.windows.common-controls_6595b64144ccf1df_6.0.26100.9278_none_3e0d1ba8e3303201\COMCTL32.dll
0x00007ffb1d660000 - 0x00007ffb1d68b000 	C:\WINDOWS\System32\GDI32.dll
0x00007ffb1d040000 - 0x00007ffb1d169000 	C:\WINDOWS\System32\gdi32full.dll
0x00007ffb1d180000 - 0x00007ffb1d229000 	C:\WINDOWS\System32\msvcrt.dll
0x00007ffb1c710000 - 0x00007ffb1c7b3000 	C:\WINDOWS\System32\msvcp_win.dll
0x00007ffb1eed0000 - 0x00007ffb1ef01000 	C:\WINDOWS\System32\IMM32.DLL
0x00007ffb152c0000 - 0x00007ffb152cc000 	C:\Users\filip\.vscode\extensions\redhat.java-1.56.0-win32-x64\jre\21.0.12.1-win32-x86_64\bin\vcruntime140_1.dll
0x00007ffa21b80000 - 0x00007ffa21c0d000 	C:\Users\filip\.vscode\extensions\redhat.java-1.56.0-win32-x64\jre\21.0.12.1-win32-x86_64\bin\msvcp140.dll
0x00007ff9cc610000 - 0x00007ff9cd3b2000 	C:\Users\filip\.vscode\extensions\redhat.java-1.56.0-win32-x64\jre\21.0.12.1-win32-x86_64\bin\server\jvm.dll
0x00007ffb1e4d0000 - 0x00007ffb1e58c000 	C:\WINDOWS\System32\ADVAPI32.dll
0x00007ffb1d2a0000 - 0x00007ffb1d349000 	C:\WINDOWS\System32\sechost.dll
0x00007ffb1ecc0000 - 0x00007ffb1edd8000 	C:\WINDOWS\System32\RPCRT4.dll
0x00007ffb1ede0000 - 0x00007ffb1ee60000 	C:\WINDOWS\System32\WS2_32.dll
0x00007ffb1b150000 - 0x00007ffb1b1ae000 	C:\WINDOWS\SYSTEM32\POWRPROF.dll
0x00007ffb0d5d0000 - 0x00007ffb0d606000 	C:\WINDOWS\SYSTEM32\WINMM.dll
0x00007ffb0f9e0000 - 0x00007ffb0f9eb000 	C:\WINDOWS\SYSTEM32\VERSION.dll
0x00007ffb1b130000 - 0x00007ffb1b145000 	C:\WINDOWS\SYSTEM32\UMPDC.dll
0x00007ffb1b440000 - 0x00007ffb1b45b000 	C:\WINDOWS\SYSTEM32\kernel.appcore.dll
0x00007ffb0c590000 - 0x00007ffb0c59a000 	C:\Users\filip\.vscode\extensions\redhat.java-1.56.0-win32-x64\jre\21.0.12.1-win32-x86_64\bin\jimage.dll
0x00007ffb19b40000 - 0x00007ffb19d82000 	C:\WINDOWS\SYSTEM32\DBGHELP.DLL
0x00007ffb1e930000 - 0x00007ffb1ecb4000 	C:\WINDOWS\System32\combase.dll
0x00007ffb1e600000 - 0x00007ffb1e6d9000 	C:\WINDOWS\System32\OLEAUT32.dll
0x00007ffaf7e20000 - 0x00007ffaf7e5b000 	C:\WINDOWS\SYSTEM32\dbgcore.DLL
0x00007ffb1cc90000 - 0x00007ffb1cd3c000 	C:\WINDOWS\System32\bcryptPrimitives.dll
0x00007ffb00260000 - 0x00007ffb0026f000 	C:\Users\filip\.vscode\extensions\redhat.java-1.56.0-win32-x64\jre\21.0.12.1-win32-x86_64\bin\instrument.dll
0x00007ffa87080000 - 0x00007ffa870a0000 	C:\Users\filip\.vscode\extensions\redhat.java-1.56.0-win32-x64\jre\21.0.12.1-win32-x86_64\bin\java.dll
0x00007ffb1d720000 - 0x00007ffb1deb8000 	C:\WINDOWS\System32\SHELL32.dll
0x00007ffb1a0b0000 - 0x00007ffb1a95e000 	C:\WINDOWS\SYSTEM32\windows.storage.dll
0x00007ffb1df40000 - 0x00007ffb1e03b000 	C:\WINDOWS\System32\SHCORE.dll
0x00007ffb1d230000 - 0x00007ffb1d296000 	C:\WINDOWS\System32\shlwapi.dll
0x00007ffb1c570000 - 0x00007ffb1c599000 	C:\WINDOWS\SYSTEM32\profapi.dll
0x00007ffaed1e0000 - 0x00007ffaed1f8000 	C:\Users\filip\.vscode\extensions\redhat.java-1.56.0-win32-x64\jre\21.0.12.1-win32-x86_64\bin\zip.dll
0x00007ffb004a0000 - 0x00007ffb004b0000 	C:\Users\filip\.vscode\extensions\redhat.java-1.56.0-win32-x64\jre\21.0.12.1-win32-x86_64\bin\net.dll
0x00007ffb11d00000 - 0x00007ffb11e2a000 	C:\WINDOWS\SYSTEM32\WINHTTP.dll
0x00007ffb1ba00000 - 0x00007ffb1ba6c000 	C:\WINDOWS\system32\mswsock.dll
0x00007ffaeb470000 - 0x00007ffaeb486000 	C:\Users\filip\.vscode\extensions\redhat.java-1.56.0-win32-x64\jre\21.0.12.1-win32-x86_64\bin\nio.dll
0x00007ffb002c0000 - 0x00007ffb002d0000 	C:\Users\filip\.vscode\extensions\redhat.java-1.56.0-win32-x64\jre\21.0.12.1-win32-x86_64\bin\verify.dll
0x00007ffb115b0000 - 0x00007ffb115d7000 	C:\Users\filip\.gradle\native\660c5614fbf4a5f2a75b1949f50a0caf5cd603558e7d8a26e50b933a0cfb79d1\windows-amd64\native-platform.dll
0x00007ffaeca50000 - 0x00007ffaecac7000 	C:\Users\filip\.gradle\native\0.2.8\x86_64-windows-gnu\gradle-fileevents.dll
0x00007ff9aa940000 - 0x00007ff9aa94a000 	C:\Users\filip\.vscode\extensions\redhat.java-1.56.0-win32-x64\jre\21.0.12.1-win32-x86_64\bin\management.dll
0x00007ff9aa7e0000 - 0x00007ff9aa7ec000 	C:\Users\filip\.vscode\extensions\redhat.java-1.56.0-win32-x64\jre\21.0.12.1-win32-x86_64\bin\management_ext.dll
0x00007ffb1e5f0000 - 0x00007ffb1e5f8000 	C:\WINDOWS\System32\PSAPI.DLL
0x00007ffb1ad80000 - 0x00007ffb1adb3000 	C:\WINDOWS\SYSTEM32\IPHLPAPI.DLL
0x00007ffb1d170000 - 0x00007ffb1d17a000 	C:\WINDOWS\System32\NSI.dll
0x00007ffaf7040000 - 0x00007ffaf7049000 	C:\Users\filip\.vscode\extensions\redhat.java-1.56.0-win32-x64\jre\21.0.12.1-win32-x86_64\bin\extnet.dll
0x00007ffb1bcf0000 - 0x00007ffb1bd0b000 	C:\WINDOWS\SYSTEM32\CRYPTSP.dll
0x00007ffb1b3a0000 - 0x00007ffb1b3d9000 	C:\WINDOWS\system32\rsaenh.dll
0x00007ffb1bab0000 - 0x00007ffb1bae4000 	C:\WINDOWS\SYSTEM32\USERENV.dll
0x00007ffb1c540000 - 0x00007ffb1c56a000 	C:\WINDOWS\SYSTEM32\bcrypt.dll
0x00007ffb1bd10000 - 0x00007ffb1bd1c000 	C:\WINDOWS\SYSTEM32\CRYPTBASE.dll
0x00007ffaf73c0000 - 0x00007ffaf73ce000 	C:\Users\filip\.vscode\extensions\redhat.java-1.56.0-win32-x64\jre\21.0.12.1-win32-x86_64\bin\sunmscapi.dll
0x00007ffb1cd50000 - 0x00007ffb1cece000 	C:\WINDOWS\System32\CRYPT32.dll
0x00007ffb1bf30000 - 0x00007ffb1bf60000 	C:\WINDOWS\SYSTEM32\ncrypt.dll
0x00007ffb1bee0000 - 0x00007ffb1bf1f000 	C:\WINDOWS\SYSTEM32\NTASN1.dll
0x00007ffaf7030000 - 0x00007ffaf7038000 	C:\WINDOWS\system32\wshunix.dll

JVMTI agents:
C:\Users\filip\.gradle\wrapper\dists\gradle-9.3.1-all\9ot9r568e8zfvvd4mn8rbu1j0\gradle-9.3.1\lib\agents\gradle-instrumentation-agent-9.3.1.jar path:C:\Users\filip\.vscode\extensions\redhat.java-1.56.0-win32-x64\jre\21.0.12.1-win32-x86_64\bin\instrument.dll, loaded, initialized, instrumentlib options:none

dbghelp: loaded successfully - version: 4.0.5 - missing functions: none
symbol engine: initialized successfully - sym options: 0x614 - pdb path: .;C:\Users\filip\.vscode\extensions\redhat.java-1.56.0-win32-x64\jre\21.0.12.1-win32-x86_64\bin;C:\WINDOWS\SYSTEM32;C:\WINDOWS\WinSxS\amd64_microsoft.windows.common-controls_6595b64144ccf1df_6.0.26100.9278_none_3e0d1ba8e3303201;C:\Users\filip\.vscode\extensions\redhat.java-1.56.0-win32-x64\jre\21.0.12.1-win32-x86_64\bin\server;C:\Users\filip\.gradle\native\660c5614fbf4a5f2a75b1949f50a0caf5cd603558e7d8a26e50b933a0cfb79d1\windows-amd64;C:\Users\filip\.gradle\native\0.2.8\x86_64-windows-gnu

VM Arguments:
jvm_args: --add-opens=java.base/java.lang=ALL-UNNAMED --add-opens=java.base/java.lang.invoke=ALL-UNNAMED --add-opens=java.base/java.util=ALL-UNNAMED --add-opens=java.prefs/java.util.prefs=ALL-UNNAMED --add-exports=jdk.compiler/com.sun.tools.javac.api=ALL-UNNAMED --add-exports=jdk.compiler/com.sun.tools.javac.util=ALL-UNNAMED --add-opens=java.base/java.util=ALL-UNNAMED --add-opens=java.prefs/java.util.prefs=ALL-UNNAMED --add-opens=java.base/java.nio.charset=ALL-UNNAMED --add-opens=java.base/java.net=ALL-UNNAMED --add-opens=java.base/java.util.concurrent=ALL-UNNAMED --add-opens=java.base/java.util.concurrent.atomic=ALL-UNNAMED --add-opens=java.xml/javax.xml.namespace=ALL-UNNAMED --add-opens=java.base/java.time=ALL-UNNAMED -XX:MaxMetaspaceSize=4G -XX:ReservedCodeCacheSize=512m -XX:+HeapDumpOnOutOfMemoryError -Xmx8G -Dfile.encoding=UTF-8 -Duser.country=BR -Duser.language=pt -Duser.variant -javaagent:C:\Users\filip\.gradle\wrapper\dists\gradle-9.3.1-all\9ot9r568e8zfvvd4mn8rbu1j0\gradle-9.3.1\lib\agents\gradle-instrumentation-agent-9.3.1.jar 
java_command: org.gradle.launcher.daemon.bootstrap.GradleDaemon 9.3.1
java_class_path (initial): C:\Users\filip\.gradle\wrapper\dists\gradle-9.3.1-all\9ot9r568e8zfvvd4mn8rbu1j0\gradle-9.3.1\lib\gradle-daemon-main-9.3.1.jar
Launcher Type: SUN_STANDARD

[Global flags]
     intx CICompilerCount                          = 4                                         {product} {ergonomic}
     uint ConcGCThreads                            = 3                                         {product} {ergonomic}
     uint G1ConcRefinementThreads                  = 10                                        {product} {ergonomic}
   size_t G1HeapRegionSize                         = 4194304                                   {product} {ergonomic}
    uintx GCDrainStackTargetSize                   = 64                                        {product} {ergonomic}
     bool HeapDumpOnOutOfMemoryError               = true                                   {manageable} {command line}
   size_t InitialHeapSize                          = 130023424                                 {product} {ergonomic}
   size_t MarkStackSize                            = 4194304                                   {product} {ergonomic}
   size_t MaxHeapSize                              = 8589934592                                {product} {command line}
   size_t MaxMetaspaceSize                         = 4294967296                                {product} {command line}
   size_t MaxNewSize                               = 5150605312                                {product} {ergonomic}
   size_t MinHeapDeltaBytes                        = 4194304                                   {product} {ergonomic}
   size_t MinHeapSize                              = 8388608                                   {product} {ergonomic}
    uintx NonNMethodCodeHeapSize                   = 5839372                                {pd product} {ergonomic}
    uintx NonProfiledCodeHeapSize                  = 265515770                              {pd product} {ergonomic}
    uintx ProfiledCodeHeapSize                     = 265515770                              {pd product} {ergonomic}
    uintx ReservedCodeCacheSize                    = 536870912                              {pd product} {command line}
     bool SegmentedCodeCache                       = true                                      {product} {ergonomic}
   size_t SoftMaxHeapSize                          = 8589934592                             {manageable} {ergonomic}
     bool UseCompressedOops                        = true                           {product lp64_product} {ergonomic}
     bool UseG1GC                                  = true                                      {product} {ergonomic}
     bool UseLargePagesIndividualAllocation        = false                                  {pd product} {ergonomic}

Logging:
Log output configuration:
 #0: stdout all=warning uptime,level,tags foldmultilines=false
 #1: stderr all=off uptime,level,tags foldmultilines=false

Release file:
JAVA_VERSION="21.0.12.1" 
MODULES="java.base java.compiler java.datatransfer java.xml java.prefs java.desktop java.instrument java.logging java.management java.security.sasl java.naming java.rmi java.management.rmi java.net.http java.scripting java.security.jgss java.transaction.xa java.sql java.sql.rowset java.xml.crypto java.se java.smartcardio jdk.accessibility jdk.internal.jvmstat jdk.attach jdk.charsets jdk.internal.opt jdk.zipfs jdk.compiler jdk.crypto.ec jdk.crypto.cryptoki jdk.crypto.mscapi jdk.dynalink jdk.internal.ed jdk.editpad jdk.hotspot.agent jdk.httpserver jdk.internal.le jdk.internal.vm.ci jdk.internal.vm.compiler jdk.internal.vm.compiler.management jdk.jartool jdk.javadoc jdk.jcmd jdk.management jdk.management.agent jdk.jconsole jdk.jdeps jdk.jdwp.agent jdk.jdi jdk.jfr jdk.jshell jdk.jsobject jdk.jstatd jdk.localedata jdk.management.jfr jdk.naming.dns jdk.naming.rmi jdk.net jdk.nio.mapmode jdk.random jdk.sctp jdk.security.auth jdk.security.jgss jdk.unsupported jdk.unsupported.desktop jdk.xml.dom" 

Environment Variables:
JAVA_HOME=C:\Program Files\Java\jdk-22
PATH=C:\Program Files\Common Files\Oracle\Java\javapath;C:\WINDOWS\system32;C:\WINDOWS;C:\WINDOWS\System32\Wbem;C:\WINDOWS\System32\WindowsPowerShell\v1.0\;C:\WINDOWS\System32\OpenSSH\;C:\Program Files\NVIDIA Corporation\NVIDIA app\NvDLISR;C:\Program Files (x86)\NVIDIA Corporation\PhysX\Common;C:\Program Files\Git\cmd;C:\Program Files\dotnet\;C:\Program Files\MySQL\MySQL Server 8.0\bin;C:\Users\filip\OneDrive\Documentos\apache-maven-3.9.9\bin;C:\Users\filip\OneDrive\Documentos\apache-maven-3.9.9\bin;c:\Users\filip\OneDrive\Documentos\openJdk-24\bin;C:\Program Files\Docker\Docker\resources\bin;C:\Users\filip\AppData\Local\nvm;C:\nvm4w\nodejs;C:\ProgramData\chocolatey\bin;C:\tools\dart-sdk\bin;C:\Users\filip\AppData\Local\agy\bin;C:\Users\filip\.local\bin;C:\Users\filip\.console-ninja\.bin;C:\Users\filip\OneDrive\Documentos\Estudos-Java\App.java\App.java\bin;C:\Users\filip\AppData\Local\Programs\Microsoft VS Code\bin;C:\ProgamFiles\Apache\maven\apache-maven-3.9.9\bin;C:\Users\filip\AppData\Local\Microsoft\WindowsApps;C:\Users\filip\AppData\Roaming\npm;C:\Program Files\Java\jdk-22\bin;C:\Users\filip\AppData\Local\Python\bin;C:\Users\filip\AppData\Local\nvm;C:\nvm4w\nodejs;C:\tools\dart-sdk\bin;C:\Users\filip\AppData\Local\Pub\Cache\bin;C:\flutter\bin
USERNAME=filip
OS=Windows_NT
PROCESSOR_IDENTIFIER=Intel64 Family 6 Model 186 Stepping 2, GenuineIntel
TMP=C:\Users\filip\AppData\Local\Temp
TEMP=C:\Users\filip\AppData\Local\Temp




Periodic native trim disabled

---------------  S Y S T E M  ---------------

OS:
 Windows 11 , 64 bit Build 26100 (10.0.26100.9278)
OS uptime: 0 days 8:48 hours
Hyper-V role detected

CPU: total 12 (initial active 12) (6 cores per cpu, 2 threads per core) family 6 model 186 stepping 2 microcode 0x5105, cx8, cmov, fxsr, ht, mmx, 3dnowpref, sse, sse2, sse3, ssse3, sse4.1, sse4.2, popcnt, lzcnt, tsc, tscinvbit, avx, avx2, aes, erms, clmul, bmi1, bmi2, adx, sha, fma, vzeroupper, clflush, clflushopt, clwb, hv, serialize, rdtscp, rdpid, fsrm, f16c, cet_ibt, cet_ss
Processor Information for processor 0
  Max Mhz: 2100, Current Mhz: 2100, Mhz Limit: 2100
Processor Information for processor 1
  Max Mhz: 2100, Current Mhz: 2100, Mhz Limit: 2100
Processor Information for processor 2
  Max Mhz: 2100, Current Mhz: 2100, Mhz Limit: 2100
Processor Information for processor 3
  Max Mhz: 2100, Current Mhz: 2100, Mhz Limit: 2100
Processor Information for processor 4
  Max Mhz: 2100, Current Mhz: 2100, Mhz Limit: 2100
Processor Information for processor 5
  Max Mhz: 2100, Current Mhz: 2100, Mhz Limit: 2100
Processor Information for processor 6
  Max Mhz: 2100, Current Mhz: 2100, Mhz Limit: 2100
Processor Information for processor 7
  Max Mhz: 2100, Current Mhz: 2100, Mhz Limit: 2100
Processor Information for processor 8
  Max Mhz: 2100, Current Mhz: 2100, Mhz Limit: 2100
Processor Information for processor 9
  Max Mhz: 2100, Current Mhz: 2100, Mhz Limit: 2100
Processor Information for processor 10
  Max Mhz: 2100, Current Mhz: 1540, Mhz Limit: 2100
Processor Information for processor 11
  Max Mhz: 2100, Current Mhz: 2100, Mhz Limit: 2100

Memory: 4k page, system-wide physical 7895M (217M free)
TotalPageFile size 32471M (AvailPageFile size 8M)
current process WorkingSet (physical memory assigned to process): 150M, peak: 151M
current process commit charge ("private bytes"): 284M, peak: 289M

vm_info: OpenJDK 64-Bit Server VM (21.0.12.1+1-LTS) for windows-amd64 JRE (21.0.12.1+1-LTS), built on 2026-08-18T00:00:00Z by "admin" with MS VC++ 17.12 (VS2022)

END.
