#
# There is insufficient memory for the Java Runtime Environment to continue.
# Native memory allocation (malloc) failed to allocate 1163904 bytes. Error detail: Chunk::new
# Possible reasons:
#   The system is out of physical RAM or swap space
#   This process is running with CompressedOops enabled, and the Java Heap may be blocking the growth of the native heap
# Possible solutions:
#   Reduce memory load on the system
#   Increase physical memory or swap space
#   Check if swap backing store is full
#   Decrease Java heap size (-Xmx/-Xms)
#   Decrease number of Java threads
#   Decrease Java thread stack sizes (-Xss)
#   Set larger code cache with -XX:ReservedCodeCacheSize=
#   JVM is running with Zero Based Compressed Oops mode in which the Java heap is
#     placed in the first 32GB address space. The Java Heap base address is the
#     maximum limit for the native heap growth. Please use -XX:HeapBaseMinAddress
#     to set the Java Heap base and to place the Java Heap above 32GB virtual address.
# This output file may be truncated or incomplete.
#
#  Out of Memory Error (arena.cpp:168), pid=6048, tid=30432
#
# JRE version: OpenJDK Runtime Environment Temurin-21.0.12.1+1 (21.0.12.1+1) (build 21.0.12.1+1-LTS)
# Java VM: OpenJDK 64-Bit Server VM Temurin-21.0.12.1+1 (21.0.12.1+1-LTS, mixed mode, sharing, tiered, compressed oops, compressed class ptrs, g1 gc, windows-amd64)
# No core dump will be written. Minidumps are not enabled by default on client versions of Windows
#

---------------  S U M M A R Y ------------

Command Line: --add-opens=java.base/java.lang=ALL-UNNAMED --add-opens=java.base/java.lang.invoke=ALL-UNNAMED --add-opens=java.base/java.util=ALL-UNNAMED --add-opens=java.prefs/java.util.prefs=ALL-UNNAMED --add-exports=jdk.compiler/com.sun.tools.javac.api=ALL-UNNAMED --add-exports=jdk.compiler/com.sun.tools.javac.util=ALL-UNNAMED --add-opens=java.base/java.util=ALL-UNNAMED --add-opens=java.prefs/java.util.prefs=ALL-UNNAMED --add-opens=java.base/java.nio.charset=ALL-UNNAMED --add-opens=java.base/java.net=ALL-UNNAMED --add-opens=java.base/java.util.concurrent=ALL-UNNAMED --add-opens=java.base/java.util.concurrent.atomic=ALL-UNNAMED --add-opens=java.xml/javax.xml.namespace=ALL-UNNAMED --add-opens=java.base/java.time=ALL-UNNAMED -XX:MaxMetaspaceSize=4G -XX:ReservedCodeCacheSize=512m -XX:+HeapDumpOnOutOfMemoryError -Xmx8G -Dfile.encoding=UTF-8 -Duser.country=BR -Duser.language=pt -Duser.variant -javaagent:C:\Users\filip\.gradle\wrapper\dists\gradle-9.3.1-all\9ot9r568e8zfvvd4mn8rbu1j0\gradle-9.3.1\lib\agents\gradle-instrumentation-agent-9.3.1.jar org.gradle.launcher.daemon.bootstrap.GradleDaemon 9.3.1

Host: 13th Gen Intel(R) Core(TM) i5-13420H, 12 cores, 7G,  Windows 11 , 64 bit Build 26100 (10.0.26100.9278)
Time: Sun Sep 13 20:07:05 2026 Hora oficial do Brasil elapsed time: 63.112296 seconds (0d 0h 1m 3s)

---------------  T H R E A D  ---------------

Current thread (0x000002907faa0cd0):  JavaThread "C2 CompilerThread0" daemon [_thread_in_native, id=30432, stack(0x000000ca1b400000,0x000000ca1b500000) (1024K)]


Current CompileTask:
C2:63112 7227 %     4       org.gradle.internal.instantiation.generator.AbstractClassGenerator::inspectType @ 107 (602 bytes)

Stack: [0x000000ca1b400000,0x000000ca1b500000]
Native frames: (J=compiled Java code, j=interpreted, Vv=VM code, C=native code)
V  [jvm.dll+0x6d83e9]
V  [jvm.dll+0x8b5736]
V  [jvm.dll+0x8b7cee]
V  [jvm.dll+0x8b83d3]
V  [jvm.dll+0x284596]
V  [jvm.dll+0xc685d]
V  [jvm.dll+0xc6da1]
V  [jvm.dll+0x3bf18b]
V  [jvm.dll+0x1e4149]
V  [jvm.dll+0x24c853]
V  [jvm.dll+0x24bce0]
V  [jvm.dll+0x1cb4ae]
V  [jvm.dll+0x25baad]
V  [jvm.dll+0x25a03a]
V  [jvm.dll+0x3f8aae]
V  [jvm.dll+0x8600cd]
V  [jvm.dll+0x6d6c1d]
C  [ucrtbase.dll+0x2cd30]
C  [KERNEL32.DLL+0x2ccb7]
C  [ntdll.dll+0xacaec]


---------------  P R O C E S S  ---------------

Threads class SMR info:
_java_thread_list=0x00000290782fa550, length=72, elements={
0x000002907e0632c0, 0x000002907fa87690, 0x000002907fa89d10, 0x000002907fa8c390,
0x000002907fa8ca00, 0x000002907fa8d890, 0x000002907fa90320, 0x000002907faa0cd0,
0x000002907faab1e0, 0x000002902e9384a0, 0x000002902e87e220, 0x0000029074a39ac0,
0x00000290756d1820, 0x0000029075631cd0, 0x0000029075690920, 0x0000029075771790,
0x000002907568f8f0, 0x000002902e8d6030, 0x0000029075681d90, 0x00000290756844f0,
0x0000029075681700, 0x0000029075682420, 0x0000029075682ab0, 0x0000029075683140,
0x00000290767ccaa0, 0x00000290767cb060, 0x00000290767cc410, 0x00000290767cd7c0,
0x00000290767ca340, 0x00000290767ca9d0, 0x00000290767cb6f0, 0x00000290767cde50,
0x00000290767ce4e0, 0x00000290767cbd80, 0x00000290767cf890, 0x00000290767cff20,
0x00000290767d05b0, 0x00000290767cd130, 0x00000290767d0c40, 0x00000290767d12d0,
0x00000290767d1960, 0x0000029076698410, 0x0000029076698aa0, 0x0000029076699130,
0x0000029076695cb0, 0x00000290766997c0, 0x0000029076697d80, 0x0000029076696340,
0x00000290766969d0, 0x0000029076699e50, 0x000002907669a4e0, 0x0000029076697060,
0x000002907669ab70, 0x00000290766976f0, 0x000002907669b200, 0x000002907669cc40,
0x000002907669bf20, 0x000002907669b890, 0x000002907669c5b0, 0x000002907669d2d0,
0x00000290776c54f0, 0x00000290776c5b80, 0x00000290776c3420, 0x00000290776c6210,
0x00000290776c68a0, 0x00000290776c6f30, 0x00000290776c3ab0, 0x00000290776c47d0,
0x00000290776c75c0, 0x00000290776c4140, 0x00000290776c7c50, 0x00000290776c4e60
}

Java Threads: ( => current thread )
  0x000002907e0632c0 JavaThread "main"                              [_thread_blocked, id=32384, stack(0x000000ca1a600000,0x000000ca1a700000) (1024K)]
  0x000002907fa87690 JavaThread "Reference Handler"          daemon [_thread_blocked, id=32416, stack(0x000000ca1ae00000,0x000000ca1af00000) (1024K)]
  0x000002907fa89d10 JavaThread "Finalizer"                  daemon [_thread_blocked, id=26088, stack(0x000000ca1af00000,0x000000ca1b000000) (1024K)]
  0x000002907fa8c390 JavaThread "Signal Dispatcher"          daemon [_thread_blocked, id=32732, stack(0x000000ca1b000000,0x000000ca1b100000) (1024K)]
  0x000002907fa8ca00 JavaThread "Attach Listener"            daemon [_thread_blocked, id=20768, stack(0x000000ca1b100000,0x000000ca1b200000) (1024K)]
  0x000002907fa8d890 JavaThread "Service Thread"             daemon [_thread_blocked, id=25000, stack(0x000000ca1b200000,0x000000ca1b300000) (1024K)]
  0x000002907fa90320 JavaThread "Monitor Deflation Thread"   daemon [_thread_blocked, id=24468, stack(0x000000ca1b300000,0x000000ca1b400000) (1024K)]
=>0x000002907faa0cd0 JavaThread "C2 CompilerThread0"         daemon [_thread_in_native, id=30432, stack(0x000000ca1b400000,0x000000ca1b500000) (1024K)]
  0x000002907faab1e0 JavaThread "C1 CompilerThread0"         daemon [_thread_blocked, id=28188, stack(0x000000ca1b500000,0x000000ca1b600000) (1024K)]
  0x000002902e9384a0 JavaThread "Common-Cleaner"             daemon [_thread_blocked, id=30900, stack(0x000000ca1b600000,0x000000ca1b700000) (1024K)]
  0x000002902e87e220 JavaThread "Notification Thread"        daemon [_thread_blocked, id=31124, stack(0x000000ca1b700000,0x000000ca1b800000) (1024K)]
  0x0000029074a39ac0 JavaThread "Daemon health stats"               [_thread_blocked, id=28336, stack(0x000000ca1bc00000,0x000000ca1bd00000) (1024K)]
  0x00000290756d1820 JavaThread "Incoming local TCP Connector on port 57181"        [_thread_in_native, id=19904, stack(0x000000ca1c100000,0x000000ca1c200000) (1024K)]
  0x0000029075631cd0 JavaThread "Daemon periodic checks"            [_thread_blocked, id=30360, stack(0x000000ca1c200000,0x000000ca1c300000) (1024K)]
  0x0000029075690920 JavaThread "Daemon"                            [_thread_blocked, id=4060, stack(0x000000ca1c300000,0x000000ca1c400000) (1024K)]
  0x0000029075771790 JavaThread "Handler for socket connection from /127.0.0.1:57181 to /127.0.0.1:57183"        [_thread_in_native, id=7776, stack(0x000000ca1c400000,0x000000ca1c500000) (1024K)]
  0x000002907568f8f0 JavaThread "Cancel handler"                    [_thread_blocked, id=29508, stack(0x000000ca1c500000,0x000000ca1c600000) (1024K)]
  0x000002902e8d6030 JavaThread "Daemon worker"                     [_thread_in_Java, id=17620, stack(0x000000ca1c600000,0x000000ca1c700000) (1024K)]
  0x0000029075681d90 JavaThread "Asynchronous log dispatcher for DefaultDaemonConnection: socket connection from /127.0.0.1:57181 to /127.0.0.1:57183"        [_thread_blocked, id=31940, stack(0x000000ca1c700000,0x000000ca1c800000) (1024K)]
  0x00000290756844f0 JavaThread "Stdin handler"                     [_thread_blocked, id=29960, stack(0x000000ca1c800000,0x000000ca1c900000) (1024K)]
  0x0000029075681700 JavaThread "Daemon client event forwarder"        [_thread_blocked, id=4544, stack(0x000000ca1c900000,0x000000ca1ca00000) (1024K)]
  0x0000029075682420 JavaThread "Cache worker for journal cache (C:\Users\filip\.gradle\caches\journal-1)"        [_thread_blocked, id=29284, stack(0x000000ca1ca00000,0x000000ca1cb00000) (1024K)]
  0x0000029075682ab0 JavaThread "File lock request listener"        [_thread_in_native, id=13540, stack(0x000000ca1cb00000,0x000000ca1cc00000) (1024K)]
  0x0000029075683140 JavaThread "Cache worker for file hash cache (C:\Users\filip\.gradle\caches\9.3.1\fileHashes)"        [_thread_blocked, id=19640, stack(0x000000ca1cc00000,0x000000ca1cd00000) (1024K)]
  0x00000290767ccaa0 JavaThread "Cache worker for file hash cache (C:\Users\filip\OneDrive\Documentos\Dart-Flutter\flutter_application_1\android\.gradle\9.3.1\fileHashes)"        [_thread_blocked, id=32404, stack(0x000000ca1d000000,0x000000ca1d100000) (1024K)]
  0x00000290767cb060 JavaThread "File lock release action executor"        [_thread_blocked, id=30484, stack(0x000000ca1d100000,0x000000ca1d200000) (1024K)]
  0x00000290767cc410 JavaThread "Cache worker for Build Output Cleanup Cache (C:\Users\filip\OneDrive\Documentos\Dart-Flutter\flutter_application_1\android\.gradle\buildOutputCleanup)"        [_thread_blocked, id=11308, stack(0x000000ca1d200000,0x000000ca1d300000) (1024K)]
  0x00000290767cd7c0 JavaThread "File watcher server"        daemon [_thread_in_native, id=27676, stack(0x000000ca1d300000,0x000000ca1d400000) (1024K)]
  0x00000290767ca340 JavaThread "File watcher consumer"      daemon [_thread_blocked, id=29040, stack(0x000000ca1d400000,0x000000ca1d500000) (1024K)]
  0x00000290767ca9d0 JavaThread "Cache worker for checksums cache (C:\Users\filip\OneDrive\Documentos\Dart-Flutter\flutter_application_1\android\.gradle\9.3.1\checksums)"        [_thread_blocked, id=28084, stack(0x000000ca1d500000,0x000000ca1d600000) (1024K)]
  0x00000290767cb6f0 JavaThread "Cache worker for file content cache (C:\Users\filip\.gradle\caches\9.3.1\fileContent)"        [_thread_blocked, id=32340, stack(0x000000ca1d600000,0x000000ca1d700000) (1024K)]
  0x00000290767cde50 JavaThread "Cache worker for cache directory md-supplier (C:\Users\filip\.gradle\caches\9.3.1\md-supplier)"        [_thread_blocked, id=32316, stack(0x000000ca1d700000,0x000000ca1d800000) (1024K)]
  0x00000290767ce4e0 JavaThread "Cache worker for cache directory md-rule (C:\Users\filip\.gradle\caches\9.3.1\md-rule)"        [_thread_blocked, id=13720, stack(0x000000ca1d800000,0x000000ca1d900000) (1024K)]
  0x00000290767cbd80 JavaThread "Cache worker for Build Output Cleanup Cache (C:\flutter\packages\flutter_tools\gradle\.gradle\buildOutputCleanup)"        [_thread_blocked, id=31404, stack(0x000000ca1d900000,0x000000ca1da00000) (1024K)]
  0x00000290767cf890 JavaThread "Unconstrained build operations"        [_thread_blocked, id=30528, stack(0x000000ca1da00000,0x000000ca1db00000) (1024K)]
  0x00000290767cff20 JavaThread "Unconstrained build operations Thread 2"        [_thread_blocked, id=31072, stack(0x000000ca1db00000,0x000000ca1dc00000) (1024K)]
  0x00000290767d05b0 JavaThread "Unconstrained build operations Thread 3"        [_thread_blocked, id=28148, stack(0x000000ca1dc00000,0x000000ca1dd00000) (1024K)]
  0x00000290767cd130 JavaThread "Unconstrained build operations Thread 4"        [_thread_blocked, id=11196, stack(0x000000ca1dd00000,0x000000ca1de00000) (1024K)]
  0x00000290767d0c40 JavaThread "Unconstrained build operations Thread 5"        [_thread_blocked, id=7672, stack(0x000000ca1de00000,0x000000ca1df00000) (1024K)]
  0x00000290767d12d0 JavaThread "Unconstrained build operations Thread 6"        [_thread_blocked, id=31796, stack(0x000000ca1df00000,0x000000ca1e000000) (1024K)]
  0x00000290767d1960 JavaThread "Unconstrained build operations Thread 7"        [_thread_blocked, id=4780, stack(0x000000ca1e000000,0x000000ca1e100000) (1024K)]
  0x0000029076698410 JavaThread "Unconstrained build operations Thread 8"        [_thread_blocked, id=25408, stack(0x000000ca1e100000,0x000000ca1e200000) (1024K)]
  0x0000029076698aa0 JavaThread "Unconstrained build operations Thread 9"        [_thread_blocked, id=21340, stack(0x000000ca1e200000,0x000000ca1e300000) (1024K)]
  0x0000029076699130 JavaThread "Unconstrained build operations Thread 10"        [_thread_blocked, id=30744, stack(0x000000ca1e300000,0x000000ca1e400000) (1024K)]
  0x0000029076695cb0 JavaThread "Unconstrained build operations Thread 11"        [_thread_blocked, id=27456, stack(0x000000ca1e400000,0x000000ca1e500000) (1024K)]
  0x00000290766997c0 JavaThread "Unconstrained build operations Thread 12"        [_thread_blocked, id=23372, stack(0x000000ca1e500000,0x000000ca1e600000) (1024K)]
  0x0000029076697d80 JavaThread "Unconstrained build operations Thread 13"        [_thread_blocked, id=29376, stack(0x000000ca1e600000,0x000000ca1e700000) (1024K)]
  0x0000029076696340 JavaThread "Unconstrained build operations Thread 14"        [_thread_blocked, id=30632, stack(0x000000ca1e700000,0x000000ca1e800000) (1024K)]
  0x00000290766969d0 JavaThread "Unconstrained build operations Thread 15"        [_thread_blocked, id=29728, stack(0x000000ca1e800000,0x000000ca1e900000) (1024K)]
  0x0000029076699e50 JavaThread "Unconstrained build operations Thread 16"        [_thread_blocked, id=32452, stack(0x000000ca1e900000,0x000000ca1ea00000) (1024K)]
  0x000002907669a4e0 JavaThread "Unconstrained build operations Thread 17"        [_thread_blocked, id=31156, stack(0x000000ca1ea00000,0x000000ca1eb00000) (1024K)]
  0x0000029076697060 JavaThread "Unconstrained build operations Thread 18"        [_thread_blocked, id=21116, stack(0x000000ca1eb00000,0x000000ca1ec00000) (1024K)]
  0x000002907669ab70 JavaThread "Unconstrained build operations Thread 19"        [_thread_blocked, id=24224, stack(0x000000ca1ec00000,0x000000ca1ed00000) (1024K)]
  0x00000290766976f0 JavaThread "Unconstrained build operations Thread 20"        [_thread_blocked, id=29616, stack(0x000000ca1ed00000,0x000000ca1ee00000) (1024K)]
  0x000002907669b200 JavaThread "Unconstrained build operations Thread 21"        [_thread_blocked, id=4036, stack(0x000000ca1ee00000,0x000000ca1ef00000) (1024K)]
  0x000002907669cc40 JavaThread "Unconstrained build operations Thread 22"        [_thread_blocked, id=8684, stack(0x000000ca1ef00000,0x000000ca1f000000) (1024K)]
  0x000002907669bf20 JavaThread "File lock release action executor Thread 2"        [_thread_blocked, id=27976, stack(0x000000ca1f000000,0x000000ca1f100000) (1024K)]
  0x000002907669b890 JavaThread "File lock release action executor Thread 3"        [_thread_blocked, id=16980, stack(0x000000ca1f100000,0x000000ca1f200000) (1024K)]
  0x000002907669c5b0 JavaThread "Unconstrained build operations Thread 23"        [_thread_blocked, id=18652, stack(0x000000ca1f200000,0x000000ca1f300000) (1024K)]
  0x000002907669d2d0 JavaThread "Unconstrained build operations Thread 24"        [_thread_blocked, id=13428, stack(0x000000ca1f300000,0x000000ca1f400000) (1024K)]
  0x00000290776c54f0 JavaThread "Unconstrained build operations Thread 25"        [_thread_blocked, id=32120, stack(0x000000ca1f400000,0x000000ca1f500000) (1024K)]
  0x00000290776c5b80 JavaThread "Unconstrained build operations Thread 26"        [_thread_blocked, id=29096, stack(0x000000ca1f500000,0x000000ca1f600000) (1024K)]
  0x00000290776c3420 JavaThread "Unconstrained build operations Thread 27"        [_thread_blocked, id=31812, stack(0x000000ca1f600000,0x000000ca1f700000) (1024K)]
  0x00000290776c6210 JavaThread "Unconstrained build operations Thread 28"        [_thread_blocked, id=29880, stack(0x000000ca1f700000,0x000000ca1f800000) (1024K)]
  0x00000290776c68a0 JavaThread "Unconstrained build operations Thread 29"        [_thread_blocked, id=28812, stack(0x000000ca1f800000,0x000000ca1f900000) (1024K)]
  0x00000290776c6f30 JavaThread "Unconstrained build operations Thread 30"        [_thread_blocked, id=12600, stack(0x000000ca1f900000,0x000000ca1fa00000) (1024K)]
  0x00000290776c3ab0 JavaThread "Unconstrained build operations Thread 31"        [_thread_blocked, id=1168, stack(0x000000ca1fa00000,0x000000ca1fb00000) (1024K)]
  0x00000290776c47d0 JavaThread "Unconstrained build operations Thread 32"        [_thread_blocked, id=15540, stack(0x000000ca1fb00000,0x000000ca1fc00000) (1024K)]
  0x00000290776c75c0 JavaThread "Unconstrained build operations Thread 33"        [_thread_blocked, id=25536, stack(0x000000ca1fc00000,0x000000ca1fd00000) (1024K)]
  0x00000290776c4140 JavaThread "File lock release action executor Thread 4"        [_thread_blocked, id=30776, stack(0x000000ca1fd00000,0x000000ca1fe00000) (1024K)]
  0x00000290776c7c50 JavaThread "Memory manager"                    [_thread_blocked, id=31452, stack(0x000000ca1fe00000,0x000000ca1ff00000) (1024K)]
  0x00000290776c4e60 JavaThread "build event listener"              [_thread_blocked, id=16940, stack(0x000000ca1a400000,0x000000ca1a500000) (1024K)]
Total: 72

Other Threads:
  0x000002907fa61690 VMThread "VM Thread"                           [id=20672, stack(0x000000ca1ad00000,0x000000ca1ae00000) (1024K)]
  0x000002907fa503e0 WatcherThread "VM Periodic Task Thread"        [id=27264, stack(0x000000ca1ac00000,0x000000ca1ad00000) (1024K)]
  0x000002907f8f1120 WorkerThread "GC Thread#0"                     [id=30984, stack(0x000000ca1a700000,0x000000ca1a800000) (1024K)]
  0x000002902e9df990 WorkerThread "GC Thread#1"                     [id=29208, stack(0x000000ca1b800000,0x000000ca1b900000) (1024K)]
  0x000002902e98a3b0 WorkerThread "GC Thread#2"                     [id=31396, stack(0x000000ca1b900000,0x000000ca1ba00000) (1024K)]
  0x000002907419d6f0 WorkerThread "GC Thread#3"                     [id=30892, stack(0x000000ca1ba00000,0x000000ca1bb00000) (1024K)]
  0x000002907414a1a0 WorkerThread "GC Thread#4"                     [id=32320, stack(0x000000ca1bb00000,0x000000ca1bc00000) (1024K)]
  0x0000029074d81db0 WorkerThread "GC Thread#5"                     [id=31920, stack(0x000000ca1bd00000,0x000000ca1be00000) (1024K)]
  0x0000029074d82160 WorkerThread "GC Thread#6"                     [id=28036, stack(0x000000ca1be00000,0x000000ca1bf00000) (1024K)]
  0x0000029074d82510 WorkerThread "GC Thread#7"                     [id=28664, stack(0x000000ca1bf00000,0x000000ca1c000000) (1024K)]
  0x000002907479e0d0 WorkerThread "GC Thread#8"                     [id=30316, stack(0x000000ca1c000000,0x000000ca1c100000) (1024K)]
  0x0000029074bf5470 WorkerThread "GC Thread#9"                     [id=19272, stack(0x000000ca1cd00000,0x000000ca1ce00000) (1024K)]
  0x000002907e0dc440 ConcurrentGCThread "G1 Main Marker"            [id=27972, stack(0x000000ca1a800000,0x000000ca1a900000) (1024K)]
  0x000002907e0dcd60 WorkerThread "G1 Conc#0"                       [id=23148, stack(0x000000ca1a900000,0x000000ca1aa00000) (1024K)]
  0x0000029074bf4960 WorkerThread "G1 Conc#1"                       [id=30996, stack(0x000000ca1ce00000,0x000000ca1cf00000) (1024K)]
  0x0000029075f71f50 WorkerThread "G1 Conc#2"                       [id=18208, stack(0x000000ca1cf00000,0x000000ca1d000000) (1024K)]
  0x000002907f919d00 ConcurrentGCThread "G1 Refine#0"               [id=9648, stack(0x000000ca1aa00000,0x000000ca1ab00000) (1024K)]
  0x000002907f91a790 ConcurrentGCThread "G1 Service"                [id=28192, stack(0x000000ca1ab00000,0x000000ca1ac00000) (1024K)]
Total: 18

Threads with active compile tasks:
C2 CompilerThread0  63196 7227 %     4       org.gradle.internal.instantiation.generator.AbstractClassGenerator::inspectType @ 107 (602 bytes)
C1 CompilerThread0  63196 7279       3       org.gradle.internal.instantiation.generator.AsmBackedClassGenerator$ClassBuilderImpl$LocalMethodVisitorScope::putServiceRegistryOnStack (56 bytes)
Total: 2

VM state: not at safepoint (normal execution)

VM Mutex/Monitor currently owned by a thread: None

Heap address: 0x0000000600000000, size: 8192 MB, Compressed Oops mode: Zero based, Oop shift amount: 3

CDS archive(s) mapped at: [0x000002902f000000-0x000002902fba0000-0x000002902fba0000), size 12189696, SharedBaseAddress: 0x000002902f000000, ArchiveRelocationMode: 1.
Compressed class space mapped at: 0x0000029030000000-0x0000029070000000, reserved size: 1073741824
Narrow klass base: 0x000002902f000000, Narrow klass shift: 0, Narrow klass range: 0x100000000

GC Precious Log:
 CardTable entry size: 512
 Card Set container configuration: InlinePtr #cards 4 size 8 Array Of Cards #cards 32 size 80 Howl #buckets 8 coarsen threshold 7372 Howl Bitmap #cards 1024 size 144 coarsen threshold 921 Card regions per heap region 1 cards per card region 8192
 CPUs: 12 total, 12 available
 Memory: 7895M
 Large Page Support: Disabled
 NUMA Support: Disabled
 Compressed Oops: Enabled (Zero based)
 Heap Region Size: 4M
 Heap Min Capacity: 8M
 Heap Initial Capacity: 124M
 Heap Max Capacity: 8G
 Pre-touch: Disabled
 Parallel Workers: 10
 Concurrent Workers: 3
 Concurrent Refinement Workers: 10
 Periodic GC: Disabled

Heap:
 garbage-first heap   total 131072K, used 92037K [0x0000000600000000, 0x0000000800000000)
  region size 4096K, 15 young (61440K), 3 survivors (12288K)
 Metaspace       used 61704K, committed 63744K, reserved 1114112K
  class space    used 9098K, committed 10112K, reserved 1048576K

Heap Regions: E=young(eden), S=young(survivor), O=old, HS=humongous(starts), HC=humongous(continues), CS=collection set, F=free, TAMS=top-at-mark-start, PB=parsable bottom
|   0|0x0000000600000000, 0x0000000600400000, 0x0000000600400000|100%|HS|  |TAMS 0x0000000600000000| PB 0x0000000600000000| Complete 
|   1|0x0000000600400000, 0x0000000600800000, 0x0000000600800000|100%| O|  |TAMS 0x0000000600400000| PB 0x0000000600400000| Untracked 
|   2|0x0000000600800000, 0x0000000600c00000, 0x0000000600c00000|100%| O|  |TAMS 0x0000000600800000| PB 0x0000000600800000| Untracked 
|   3|0x0000000600c00000, 0x0000000601000000, 0x0000000601000000|100%| O|  |TAMS 0x0000000600c00000| PB 0x0000000600c00000| Untracked 
|   4|0x0000000601000000, 0x0000000601400000, 0x0000000601400000|100%| O|  |TAMS 0x0000000601000000| PB 0x0000000601000000| Untracked 
|   5|0x0000000601400000, 0x0000000601800000, 0x0000000601800000|100%| O|  |TAMS 0x0000000601400000| PB 0x0000000601400000| Untracked 
|   6|0x0000000601800000, 0x0000000601c00000, 0x0000000601c00000|100%| O|  |TAMS 0x0000000601800000| PB 0x0000000601800000| Untracked 
|   7|0x0000000601c00000, 0x0000000602000000, 0x0000000602000000|100%| O|  |TAMS 0x0000000601c00000| PB 0x0000000601c00000| Untracked 
|   8|0x0000000602000000, 0x0000000602400000, 0x0000000602400000|100%| O|  |TAMS 0x0000000602000000| PB 0x0000000602000000| Untracked 
|   9|0x0000000602400000, 0x000000060258d320, 0x0000000602800000| 38%| O|  |TAMS 0x0000000602400000| PB 0x0000000602400000| Untracked 
|  10|0x0000000602800000, 0x0000000602800000, 0x0000000602c00000|  0%| F|  |TAMS 0x0000000602800000| PB 0x0000000602800000| Untracked 
|  11|0x0000000602c00000, 0x0000000602c00000, 0x0000000603000000|  0%| F|  |TAMS 0x0000000602c00000| PB 0x0000000602c00000| Untracked 
|  12|0x0000000603000000, 0x0000000603000000, 0x0000000603400000|  0%| F|  |TAMS 0x0000000603000000| PB 0x0000000603000000| Untracked 
|  13|0x0000000603400000, 0x0000000603400000, 0x0000000603800000|  0%| F|  |TAMS 0x0000000603400000| PB 0x0000000603400000| Untracked 
|  14|0x0000000603800000, 0x0000000603800000, 0x0000000603c00000|  0%| F|  |TAMS 0x0000000603800000| PB 0x0000000603800000| Untracked 
|  15|0x0000000603c00000, 0x0000000603c00000, 0x0000000604000000|  0%| F|  |TAMS 0x0000000603c00000| PB 0x0000000603c00000| Untracked 
|  16|0x0000000604000000, 0x0000000604000000, 0x0000000604400000|  0%| F|  |TAMS 0x0000000604000000| PB 0x0000000604000000| Untracked 
|  17|0x0000000604400000, 0x0000000604637520, 0x0000000604800000| 55%| E|  |TAMS 0x0000000604400000| PB 0x0000000604400000| Complete 
|  18|0x0000000604800000, 0x00000006048543c0, 0x0000000604c00000|  8%| S|CS|TAMS 0x0000000604800000| PB 0x0000000604800000| Complete 
|  19|0x0000000604c00000, 0x0000000605000000, 0x0000000605000000|100%| S|CS|TAMS 0x0000000604c00000| PB 0x0000000604c00000| Complete 
|  20|0x0000000605000000, 0x0000000605400000, 0x0000000605400000|100%| S|CS|TAMS 0x0000000605000000| PB 0x0000000605000000| Complete 
|  21|0x0000000605400000, 0x0000000605800000, 0x0000000605800000|100%| E|CS|TAMS 0x0000000605400000| PB 0x0000000605400000| Complete 
|  22|0x0000000605800000, 0x0000000605c00000, 0x0000000605c00000|100%| E|CS|TAMS 0x0000000605800000| PB 0x0000000605800000| Complete 
|  23|0x0000000605c00000, 0x0000000606000000, 0x0000000606000000|100%| E|CS|TAMS 0x0000000605c00000| PB 0x0000000605c00000| Complete 
|  24|0x0000000606000000, 0x0000000606400000, 0x0000000606400000|100%| E|CS|TAMS 0x0000000606000000| PB 0x0000000606000000| Complete 
|  25|0x0000000606400000, 0x0000000606800000, 0x0000000606800000|100%| E|CS|TAMS 0x0000000606400000| PB 0x0000000606400000| Complete 
|  26|0x0000000606800000, 0x0000000606c00000, 0x0000000606c00000|100%| E|CS|TAMS 0x0000000606800000| PB 0x0000000606800000| Complete 
|  27|0x0000000606c00000, 0x0000000607000000, 0x0000000607000000|100%| E|CS|TAMS 0x0000000606c00000| PB 0x0000000606c00000| Complete 
|  28|0x0000000607000000, 0x0000000607400000, 0x0000000607400000|100%| E|CS|TAMS 0x0000000607000000| PB 0x0000000607000000| Complete 
|  29|0x0000000607400000, 0x0000000607800000, 0x0000000607800000|100%| E|CS|TAMS 0x0000000607400000| PB 0x0000000607400000| Complete 
|  30|0x0000000607800000, 0x0000000607c00000, 0x0000000607c00000|100%| E|CS|TAMS 0x0000000607800000| PB 0x0000000607800000| Complete 
|  31|0x0000000607c00000, 0x0000000608000000, 0x0000000608000000|100%| E|CS|TAMS 0x0000000607c00000| PB 0x0000000607c00000| Complete 

Card table byte_map: [0x0000029023140000,0x0000029024140000] _byte_map_base: 0x0000029020140000

Marking Bits: (CMBitMap*) 0x000002907f8f1740
 Bits: [0x0000029024140000, 0x000002902c140000)

Polling page: 0x000002907bed0000

Metaspace:

Usage:
  Non-class:     51.38 MB used.
      Class:      8.89 MB used.
       Both:     60.27 MB used.

Virtual space:
  Non-class space:       64.00 MB reserved,      52.38 MB ( 82%) committed,  1 nodes.
      Class space:        1.00 GB reserved,       9.88 MB ( <1%) committed,  1 nodes.
             Both:        1.06 GB reserved,      62.25 MB (  6%) committed. 

Chunk freelists:
   Non-Class:  11.35 MB
       Class:  6.06 MB
        Both:  17.41 MB

MaxMetaspaceSize: 4.00 GB
CompressedClassSpaceSize: 1.00 GB
Initial GC threshold: 21.00 MB
Current GC threshold: 98.88 MB
CDS: on
 - commit_granule_bytes: 65536.
 - commit_granule_words: 8192.
 - virtual_space_node_default_size: 8388608.
 - enlarge_chunks_in_place: 1.
 - use_allocation_guard: 0.


Internal statistics:

num_allocs_failed_limit: 12.
num_arena_births: 3600.
num_arena_deaths: 0.
num_vsnodes_births: 2.
num_vsnodes_deaths: 0.
num_space_committed: 996.
num_space_uncommitted: 0.
num_chunks_returned_to_freelist: 12.
num_chunks_taken_from_freelist: 6623.
num_chunk_merges: 12.
num_chunk_splits: 4282.
num_chunks_enlarged: 2593.
num_inconsistent_stats: 0.

CodeHeap 'non-profiled nmethods': size=259264Kb used=3712Kb max_used=3749Kb free=255551Kb
 bounds [0x0000029013410000, 0x00000290137c0000, 0x0000029023140000]
CodeHeap 'profiled nmethods': size=259264Kb used=12512Kb max_used=12935Kb free=246751Kb
 bounds [0x0000029003140000, 0x0000029003df0000, 0x0000029012e70000]
CodeHeap 'non-nmethods': size=5760Kb used=1925Kb max_used=1938Kb free=3835Kb
 bounds [0x0000029012e70000, 0x00000290130e0000, 0x0000029013410000]
CodeCache: size=524288Kb, used=18149Kb, max_used=18622Kb, free=506137Kb
 total_blobs=7384, nmethods=6592, adapters=696, full_count=0
Compilation: enabled, stopped_count=0, restarted_count=0

Compilation events (20 events):
Event: 62.954 Thread 0x000002907faab1e0 7264       3       java.lang.invoke.LambdaForm$MH/0x0000029030002800::invokeExact_MT (26 bytes)
Event: 62.955 Thread 0x000002907faab1e0 nmethod 7264 0x00000290032f0f90 code [0x00000290032f11a0, 0x00000290032f1818]
Event: 62.986 Thread 0x000002907faab1e0 7265       2       sun.instrument.InstrumentationImpl::transform (73 bytes)
Event: 62.987 Thread 0x000002907faab1e0 nmethod 7265 0x00000290035fa210 code [0x00000290035fa3c0, 0x00000290035fa5a0]
Event: 63.040 Thread 0x000002907faab1e0 7266       3       sun.reflect.generics.tree.Wildcard::accept (8 bytes)
Event: 63.041 Thread 0x000002907faab1e0 nmethod 7266 0x0000029003337310 code [0x0000029003337500, 0x00000290033379d8]
Event: 63.042 Thread 0x000002907faab1e0 7267       3       sun.reflect.generics.visitor.Reifier::visitWildcard (22 bytes)
Event: 63.043 Thread 0x000002907faab1e0 nmethod 7267 0x00000290034e1a90 code [0x00000290034e1c80, 0x00000290034e20a0]
Event: 63.050 Thread 0x000002907faab1e0 7268       1       org.gradle.internal.instantiation.generator.AbstractClassGenerator$PropertyMetadata::access$2700 (5 bytes)
Event: 63.050 Thread 0x000002907faab1e0 nmethod 7268 0x00000290135f4610 code [0x00000290135f47a0, 0x00000290135f4850]
Event: 63.062 Thread 0x000002907faab1e0 7269   !   3       org.gradle.internal.instantiation.managed.DefaultManagedObjectRegistry::newInstance (68 bytes)
Event: 63.064 Thread 0x000002907faab1e0 nmethod 7269 0x0000029003394310 code [0x00000290033945c0, 0x0000029003395190]
Event: 63.064 Thread 0x000002907faab1e0 7270       3       org.gradle.api.internal.provider.DefaultProperty::<init> (27 bytes)
Event: 63.065 Thread 0x000002907faab1e0 nmethod 7270 0x000002900325dc10 code [0x000002900325de80, 0x000002900325eb08]
Event: 63.065 Thread 0x000002907faab1e0 7271       3       org.gradle.api.internal.provider.AbstractProperty::init (7 bytes)
Event: 63.066 Thread 0x000002907faab1e0 nmethod 7271 0x00000290034e1490 code [0x00000290034e1640, 0x00000290034e1958]
Event: 63.075 Thread 0x000002907faab1e0 7272  s    3       org.gradle.internal.classloader.VisitableURLClassLoader::getUserData (48 bytes)
Event: 63.075 Thread 0x000002907faab1e0 nmethod 7272 0x0000029003324e90 code [0x00000290033250a0, 0x00000290033256d0]
Event: 63.077 Thread 0x000002907faab1e0 7273       3       org.gradle.api.internal.provider.AbstractProperty::attachOwner (6 bytes)
Event: 63.078 Thread 0x000002907faab1e0 nmethod 7273 0x00000290032d5290 code [0x00000290032d5420, 0x00000290032d5580]

GC Heap History (20 events):
Event: 21.519 GC heap before
{Heap before GC invocations=3 (full 0):
 garbage-first heap   total 126976K, used 79933K [0x0000000600000000, 0x0000000800000000)
  region size 4096K, 18 young (73728K), 2 survivors (8192K)
 Metaspace       used 19000K, committed 19520K, reserved 1114112K
  class space    used 2567K, committed 2816K, reserved 1048576K
}
Event: 21.618 GC heap after
{Heap after GC invocations=4 (full 0):
 garbage-first heap   total 126976K, used 23168K [0x0000000600000000, 0x0000000800000000)
  region size 4096K, 2 young (8192K), 2 survivors (8192K)
 Metaspace       used 19000K, committed 19520K, reserved 1114112K
  class space    used 2567K, committed 2816K, reserved 1048576K
}
Event: 22.313 GC heap before
{Heap before GC invocations=4 (full 0):
 garbage-first heap   total 126976K, used 35456K [0x0000000600000000, 0x0000000800000000)
  region size 4096K, 6 young (24576K), 2 survivors (8192K)
 Metaspace       used 20848K, committed 21504K, reserved 1114112K
  class space    used 2881K, committed 3200K, reserved 1048576K
}
Event: 22.320 GC heap after
{Heap after GC invocations=5 (full 0):
 garbage-first heap   total 126976K, used 23885K [0x0000000600000000, 0x0000000800000000)
  region size 4096K, 2 young (8192K), 2 survivors (8192K)
 Metaspace       used 20848K, committed 21504K, reserved 1114112K
  class space    used 2881K, committed 3200K, reserved 1048576K
}
Event: 26.349 GC heap before
{Heap before GC invocations=6 (full 0):
 garbage-first heap   total 98304K, used 89421K [0x0000000600000000, 0x0000000800000000)
  region size 4096K, 18 young (73728K), 2 survivors (8192K)
 Metaspace       used 29230K, committed 30400K, reserved 1114112K
  class space    used 4241K, committed 4800K, reserved 1048576K
}
Event: 26.362 GC heap after
{Heap after GC invocations=7 (full 0):
 garbage-first heap   total 106496K, used 27687K [0x0000000600000000, 0x0000000800000000)
  region size 4096K, 3 young (12288K), 3 survivors (12288K)
 Metaspace       used 29230K, committed 30400K, reserved 1114112K
  class space    used 4241K, committed 4800K, reserved 1048576K
}
Event: 29.868 GC heap before
{Heap before GC invocations=7 (full 0):
 garbage-first heap   total 106496K, used 64551K [0x0000000600000000, 0x0000000800000000)
  region size 4096K, 13 young (53248K), 3 survivors (12288K)
 Metaspace       used 34599K, committed 35968K, reserved 1114112K
  class space    used 4983K, committed 5696K, reserved 1048576K
}
Event: 29.879 GC heap after
{Heap after GC invocations=8 (full 0):
 garbage-first heap   total 106496K, used 29699K [0x0000000600000000, 0x0000000800000000)
  region size 4096K, 2 young (8192K), 2 survivors (8192K)
 Metaspace       used 34599K, committed 35968K, reserved 1114112K
  class space    used 4983K, committed 5696K, reserved 1048576K
}
Event: 29.930 GC heap before
{Heap before GC invocations=8 (full 0):
 garbage-first heap   total 106496K, used 29699K [0x0000000600000000, 0x0000000800000000)
  region size 4096K, 3 young (12288K), 2 survivors (8192K)
 Metaspace       used 34908K, committed 36288K, reserved 1114112K
  class space    used 4999K, committed 5696K, reserved 1048576K
}
Event: 29.936 GC heap after
{Heap after GC invocations=9 (full 0):
 garbage-first heap   total 106496K, used 30510K [0x0000000600000000, 0x0000000800000000)
  region size 4096K, 1 young (4096K), 1 survivors (4096K)
 Metaspace       used 34908K, committed 36288K, reserved 1114112K
  class space    used 4999K, committed 5696K, reserved 1048576K
}
Event: 35.622 GC heap before
{Heap before GC invocations=10 (full 0):
 garbage-first heap   total 106496K, used 87854K [0x0000000600000000, 0x0000000800000000)
  region size 4096K, 15 young (61440K), 1 survivors (4096K)
 Metaspace       used 38699K, committed 40256K, reserved 1114112K
  class space    used 5649K, committed 6400K, reserved 1048576K
}
Event: 35.671 GC heap after
{Heap after GC invocations=11 (full 0):
 garbage-first heap   total 131072K, used 32550K [0x0000000600000000, 0x0000000800000000)
  region size 4096K, 2 young (8192K), 2 survivors (8192K)
 Metaspace       used 38699K, committed 40256K, reserved 1114112K
  class space    used 5649K, committed 6400K, reserved 1048576K
}
Event: 40.022 GC heap before
{Heap before GC invocations=11 (full 0):
 garbage-first heap   total 131072K, used 102182K [0x0000000600000000, 0x0000000800000000)
  region size 4096K, 19 young (77824K), 2 survivors (8192K)
 Metaspace       used 43249K, committed 45056K, reserved 1114112K
  class space    used 6425K, committed 7296K, reserved 1048576K
}
Event: 40.031 GC heap after
{Heap after GC invocations=12 (full 0):
 garbage-first heap   total 131072K, used 35135K [0x0000000600000000, 0x0000000800000000)
  region size 4096K, 2 young (8192K), 2 survivors (8192K)
 Metaspace       used 43249K, committed 45056K, reserved 1114112K
  class space    used 6425K, committed 7296K, reserved 1048576K
}
Event: 54.962 GC heap before
{Heap before GC invocations=12 (full 0):
 garbage-first heap   total 131072K, used 104767K [0x0000000600000000, 0x0000000800000000)
  region size 4096K, 19 young (77824K), 2 survivors (8192K)
 Metaspace       used 48137K, committed 49920K, reserved 1114112K
  class space    used 7128K, committed 8000K, reserved 1048576K
}
Event: 54.995 GC heap after
{Heap after GC invocations=13 (full 0):
 garbage-first heap   total 131072K, used 38522K [0x0000000600000000, 0x0000000800000000)
  region size 4096K, 3 young (12288K), 3 survivors (12288K)
 Metaspace       used 48137K, committed 49920K, reserved 1114112K
  class space    used 7128K, committed 8000K, reserved 1048576K
}
Event: 59.234 GC heap before
{Heap before GC invocations=13 (full 0):
 garbage-first heap   total 131072K, used 99962K [0x0000000600000000, 0x0000000800000000)
  region size 4096K, 19 young (77824K), 3 survivors (12288K)
 Metaspace       used 54236K, committed 56128K, reserved 1114112K
  class space    used 8061K, committed 9024K, reserved 1048576K
}
Event: 59.256 GC heap after
{Heap after GC invocations=14 (full 0):
 garbage-first heap   total 131072K, used 45668K [0x0000000600000000, 0x0000000800000000)
  region size 4096K, 3 young (12288K), 3 survivors (12288K)
 Metaspace       used 54236K, committed 56128K, reserved 1114112K
  class space    used 8061K, committed 9024K, reserved 1048576K
}
Event: 61.250 GC heap before
{Heap before GC invocations=14 (full 0):
 garbage-first heap   total 131072K, used 86628K [0x0000000600000000, 0x0000000800000000)
  region size 4096K, 14 young (57344K), 3 survivors (12288K)
 Metaspace       used 58650K, committed 60608K, reserved 1114112K
  class space    used 8657K, committed 9664K, reserved 1048576K
}
Event: 61.267 GC heap after
{Heap after GC invocations=15 (full 0):
 garbage-first heap   total 131072K, used 46981K [0x0000000600000000, 0x0000000800000000)
  region size 4096K, 3 young (12288K), 3 survivors (12288K)
 Metaspace       used 58650K, committed 60608K, reserved 1114112K
  class space    used 8657K, committed 9664K, reserved 1048576K
}

Dll operation events (20 events):
Event: 0.964 Attempting to load shared library C:\Users\filip\.vscode\extensions\redhat.java-1.56.0-win32-x64\jre\21.0.12.1-win32-x86_64\bin\nio.dll
Event: 0.969 Loaded shared library C:\Users\filip\.vscode\extensions\redhat.java-1.56.0-win32-x64\jre\21.0.12.1-win32-x86_64\bin\nio.dll
Event: 0.977 Attempting to load shared library C:\Users\filip\.vscode\extensions\redhat.java-1.56.0-win32-x64\jre\21.0.12.1-win32-x86_64\bin\zip.dll
Event: 0.977 Loaded shared library C:\Users\filip\.vscode\extensions\redhat.java-1.56.0-win32-x64\jre\21.0.12.1-win32-x86_64\bin\zip.dll
Event: 3.499 Attempting to load shared library C:\Users\filip\.vscode\extensions\redhat.java-1.56.0-win32-x64\jre\21.0.12.1-win32-x86_64\bin\jimage.dll
Event: 3.499 Loaded shared library C:\Users\filip\.vscode\extensions\redhat.java-1.56.0-win32-x64\jre\21.0.12.1-win32-x86_64\bin\jimage.dll
Event: 4.636 Attempting to load shared library C:\Users\filip\.vscode\extensions\redhat.java-1.56.0-win32-x64\jre\21.0.12.1-win32-x86_64\bin\verify.dll
Event: 4.641 Loaded shared library C:\Users\filip\.vscode\extensions\redhat.java-1.56.0-win32-x64\jre\21.0.12.1-win32-x86_64\bin\verify.dll
Event: 5.112 Attempting to load shared library C:\Users\filip\.gradle\native\660c5614fbf4a5f2a75b1949f50a0caf5cd603558e7d8a26e50b933a0cfb79d1\windows-amd64\native-platform.dll
Event: 5.132 Loaded shared library C:\Users\filip\.gradle\native\660c5614fbf4a5f2a75b1949f50a0caf5cd603558e7d8a26e50b933a0cfb79d1\windows-amd64\native-platform.dll
Event: 5.496 Attempting to load shared library C:\Users\filip\.gradle\native\0.2.8\x86_64-windows-gnu\gradle-fileevents.dll
Event: 5.500 Loaded shared library C:\Users\filip\.gradle\native\0.2.8\x86_64-windows-gnu\gradle-fileevents.dll
Event: 14.686 Attempting to load shared library C:\Users\filip\.vscode\extensions\redhat.java-1.56.0-win32-x64\jre\21.0.12.1-win32-x86_64\bin\management.dll
Event: 14.688 Loaded shared library C:\Users\filip\.vscode\extensions\redhat.java-1.56.0-win32-x64\jre\21.0.12.1-win32-x86_64\bin\management.dll
Event: 14.696 Attempting to load shared library C:\Users\filip\.vscode\extensions\redhat.java-1.56.0-win32-x64\jre\21.0.12.1-win32-x86_64\bin\management_ext.dll
Event: 14.773 Loaded shared library C:\Users\filip\.vscode\extensions\redhat.java-1.56.0-win32-x64\jre\21.0.12.1-win32-x86_64\bin\management_ext.dll
Event: 15.985 Attempting to load shared library C:\Users\filip\.vscode\extensions\redhat.java-1.56.0-win32-x64\jre\21.0.12.1-win32-x86_64\bin\extnet.dll
Event: 15.987 Loaded shared library C:\Users\filip\.vscode\extensions\redhat.java-1.56.0-win32-x64\jre\21.0.12.1-win32-x86_64\bin\extnet.dll
Event: 18.092 Attempting to load shared library C:\Users\filip\.vscode\extensions\redhat.java-1.56.0-win32-x64\jre\21.0.12.1-win32-x86_64\bin\sunmscapi.dll
Event: 18.131 Loaded shared library C:\Users\filip\.vscode\extensions\redhat.java-1.56.0-win32-x64\jre\21.0.12.1-win32-x86_64\bin\sunmscapi.dll

Deoptimization events (20 events):
Event: 62.344 Thread 0x000002902e8d6030 DEOPT PACKING pc=0x000002901359fc88 sp=0x000000ca1c6ee100
Event: 62.344 Thread 0x000002902e8d6030 DEOPT UNPACKING pc=0x0000029012ec4422 sp=0x000000ca1c6edfd0 mode 2
Event: 62.345 Thread 0x000002902e8d6030 Uncommon trap: trap_request=0xffffffbe fr.pc=0x000002901359fc88 relative=0x0000000000000388
Event: 62.345 Thread 0x000002902e8d6030 Uncommon trap: reason=profile_predicate action=maybe_recompile pc=0x000002901359fc88 method=sun.instrument.TransformerManager.transform(Ljava/lang/Module;Ljava/lang/ClassLoader;Ljava/lang/String;Ljava/lang/Class;Ljava/security/ProtectionDomain;[B)[B @ 21 
Event: 62.345 Thread 0x000002902e8d6030 DEOPT PACKING pc=0x000002901359fc88 sp=0x000000ca1c6ee100
Event: 62.345 Thread 0x000002902e8d6030 DEOPT UNPACKING pc=0x0000029012ec4422 sp=0x000000ca1c6edfd0 mode 2
Event: 62.385 Thread 0x000002902e8d6030 DEOPT PACKING pc=0x0000029003b667f6 sp=0x000000ca1c6f2540
Event: 62.385 Thread 0x000002902e8d6030 DEOPT UNPACKING pc=0x0000029012ec4bc2 sp=0x000000ca1c6f1a50 mode 0
Event: 62.387 Thread 0x000002902e8d6030 Uncommon trap: trap_request=0xffffffbe fr.pc=0x000002901359fc88 relative=0x0000000000000388
Event: 62.387 Thread 0x000002902e8d6030 Uncommon trap: reason=profile_predicate action=maybe_recompile pc=0x000002901359fc88 method=sun.instrument.TransformerManager.transform(Ljava/lang/Module;Ljava/lang/ClassLoader;Ljava/lang/String;Ljava/lang/Class;Ljava/security/ProtectionDomain;[B)[B @ 21 
Event: 62.387 Thread 0x000002902e8d6030 DEOPT PACKING pc=0x000002901359fc88 sp=0x000000ca1c6f0b50
Event: 62.387 Thread 0x000002902e8d6030 DEOPT UNPACKING pc=0x0000029012ec4422 sp=0x000000ca1c6f0a20 mode 2
Event: 62.535 Thread 0x000002902e8d6030 Uncommon trap: trap_request=0xffffffbe fr.pc=0x000002901359fc88 relative=0x0000000000000388
Event: 62.535 Thread 0x000002902e8d6030 Uncommon trap: reason=profile_predicate action=maybe_recompile pc=0x000002901359fc88 method=sun.instrument.TransformerManager.transform(Ljava/lang/Module;Ljava/lang/ClassLoader;Ljava/lang/String;Ljava/lang/Class;Ljava/security/ProtectionDomain;[B)[B @ 21 
Event: 62.535 Thread 0x000002902e8d6030 DEOPT PACKING pc=0x000002901359fc88 sp=0x000000ca1c6ed4c0
Event: 62.535 Thread 0x000002902e8d6030 DEOPT UNPACKING pc=0x0000029012ec4422 sp=0x000000ca1c6ed390 mode 2
Event: 63.057 Thread 0x000002902e8d6030 Uncommon trap: trap_request=0xffffffde fr.pc=0x0000029013702214 relative=0x00000000000000f4
Event: 63.057 Thread 0x000002902e8d6030 Uncommon trap: reason=class_check action=maybe_recompile pc=0x0000029013702214 method=org.gradle.util.internal.GUtil.isTrue(Ljava/lang/Object;)Z @ 32 c2
Event: 63.057 Thread 0x000002902e8d6030 DEOPT PACKING pc=0x0000029013702214 sp=0x000000ca1c6f1f80
Event: 63.057 Thread 0x000002902e8d6030 DEOPT UNPACKING pc=0x0000029012ec4422 sp=0x000000ca1c6f1f20 mode 2

Classes loaded (20 events):
Event: 60.387 Loading class javax/management/ListenerNotFoundException
Event: 60.387 Loading class javax/management/OperationsException
Event: 60.388 Loading class javax/management/JMException
Event: 60.388 Loading class javax/management/JMException done
Event: 60.388 Loading class javax/management/OperationsException done
Event: 60.388 Loading class javax/management/ListenerNotFoundException done
Event: 60.463 Loading class com/sun/jmx/mbeanserver/StandardMBeanSupport
Event: 60.463 Loading class com/sun/jmx/mbeanserver/StandardMBeanSupport done
Event: 60.463 Loading class com/sun/jmx/mbeanserver/StandardMBeanIntrospector
Event: 60.463 Loading class com/sun/jmx/mbeanserver/StandardMBeanIntrospector done
Event: 60.596 Loading class jdk/internal/reflect/MethodHandleLongFieldAccessorImpl
Event: 60.601 Loading class jdk/internal/reflect/MethodHandleLongFieldAccessorImpl done
Event: 60.607 Loading class java/io/SerialCallbackContext
Event: 60.607 Loading class java/io/SerialCallbackContext done
Event: 60.718 Loading class java/io/ObjectStreamClass$ExceptionInfo
Event: 60.719 Loading class java/io/ObjectStreamClass$ExceptionInfo done
Event: 60.734 Loading class java/util/HashMap$UnsafeHolder
Event: 60.734 Loading class java/util/HashMap$UnsafeHolder done
Event: 60.803 Loading class java/util/ArrayList$SubList$2
Event: 60.804 Loading class java/util/ArrayList$SubList$2 done

Classes unloaded (0 events):
No events

Classes redefined (0 events):
No events

Internal exceptions (20 events):
Event: 59.588 Thread 0x000002902e8d6030 Exception <a 'java/lang/ClassNotFoundException'{0x0000000607ac01b8}: sun/misc/SharedSecrets> (0x0000000607ac01b8) 
thrown [s\src\hotspot\share\classfile\systemDictionary.cpp, line 313]
Event: 59.589 Thread 0x000002902e8d6030 Exception <a 'java/lang/NoClassDefFoundError'{0x0000000607ac2260}: com/android/Version> (0x0000000607ac2260) 
thrown [s\src\hotspot\share\classfile\systemDictionary.cpp, line 302]
Event: 59.950 Thread 0x000002902e8d6030 Exception <a 'java/lang/NoSuchMethodError'{0x00000006071a2a60}: static Lorg/jetbrains/kotlin/gradle/plugin/internal/DefaultProjectIsolationStartParameterAccessor$Factory;.<clinit>()V> (0x00000006071a2a60) 
thrown [s\src\hotspot\share\prims\jni.cpp, line 1111]
Event: 59.951 Thread 0x000002902e8d6030 Implicit null exception at 0x0000029013510ba1 to 0x0000029013511610
Event: 59.957 Thread 0x000002902e8d6030 Exception <a 'java/lang/NoSuchMethodError'{0x00000006071d1970}: static Lorg/jetbrains/kotlin/gradle/plugin/internal/DefaultJavaExecTaskParametersCompatibility$Factory;.<clinit>()V> (0x00000006071d1970) 
thrown [s\src\hotspot\share\prims\jni.cpp, line 1111]
Event: 59.969 Thread 0x000002902e8d6030 Exception <a 'java/lang/NoSuchMethodError'{0x0000000607207508}: static Lorg/jetbrains/kotlin/gradle/plugin/internal/DefaultMavenPublicationComponentAccessorFactory;.<clinit>()V> (0x0000000607207508) 
thrown [s\src\hotspot\share\prims\jni.cpp, line 1111]
Event: 59.973 Thread 0x000002902e8d6030 Exception <a 'java/lang/NoSuchMethodError'{0x0000000607230870}: static Lorg/jetbrains/kotlin/gradle/plugin/diagnostics/DefaultProblemsReporter$Factory;.<clinit>()V> (0x0000000607230870) 
thrown [s\src\hotspot\share\prims\jni.cpp, line 1111]
Event: 59.980 Thread 0x000002902e8d6030 Exception <a 'java/lang/NoSuchMethodError'{0x00000006072654a0}: static Lorg/jetbrains/kotlin/gradle/plugin/internal/DefaultCompatibilityConventionRegistrar$Factory;.<clinit>()V> (0x00000006072654a0) 
thrown [s\src\hotspot\share\prims\jni.cpp, line 1111]
Event: 59.984 Thread 0x000002902e8d6030 Exception <a 'java/lang/NoSuchMethodError'{0x000000060728bb78}: static Lorg/jetbrains/kotlin/gradle/plugin/internal/DefaultConfigurationCacheStartParameterAccessorVariantFactory;.<clinit>()V> (0x000000060728bb78) 
thrown [s\src\hotspot\share\prims\jni.cpp, line 1111]
Event: 59.988 Thread 0x000002902e8d6030 Exception <a 'java/lang/NoSuchMethodError'{0x0000000607297198}: 'void java.lang.invoke.DirectMethodHandle$Holder.invokeSpecial(java.lang.Object, java.lang.Object, java.lang.Object, int)'> (0x0000000607297198) 
thrown [s\src\hotspot\share\interpreter\linkResolver.cpp, line 773]
Event: 60.072 Thread 0x000002902e8d6030 Exception <a 'java/lang/IncompatibleClassChangeError'{0x0000000606c2bb98}: Found class java.lang.Object, but interface was expected> (0x0000000606c2bb98) 
thrown [s\src\hotspot\share\interpreter\linkResolver.cpp, line 840]
Event: 60.594 Thread 0x000002902e8d6030 Exception <a 'java/lang/NoSuchMethodError'{0x00000006066c8590}: static Ljava/lang/Object;.<clinit>()V> (0x00000006066c8590) 
thrown [s\src\hotspot\share\prims\jni.cpp, line 1111]
Event: 60.602 Thread 0x000002902e8d6030 Exception <a 'java/lang/NoSuchMethodError'{0x00000006066ce3d8}: 'long java.lang.invoke.DirectMethodHandle$Holder.invokeSpecial(java.lang.Object, java.lang.Object)'> (0x00000006066ce3d8) 
thrown [s\src\hotspot\share\interpreter\linkResolver.cpp, line 773]
Event: 60.604 Thread 0x000002902e8d6030 Exception <a 'java/lang/NoSuchMethodError'{0x00000006066d3640}: 'long java.lang.invoke.Invokers$Holder.invokeExact_MT(java.lang.Object, java.lang.Object)'> (0x00000006066d3640) 
thrown [s\src\hotspot\share\interpreter\linkResolver.cpp, line 773]
Event: 60.714 Thread 0x000002902e8d6030 Exception <a 'java/lang/NoSuchMethodError'{0x000000060602d8b8}: static Lorg/jetbrains/kotlin/gradle/plugin/statistics/MetricContainer;.<clinit>()V> (0x000000060602d8b8) 
thrown [s\src\hotspot\share\prims\jni.cpp, line 1111]
Event: 61.008 Thread 0x000002902e8d6030 Implicit null exception at 0x00000290136b73bd to 0x00000290136b78af
Event: 61.008 Thread 0x000002902e8d6030 Implicit null exception at 0x00000290136b583f to 0x00000290136b5d40
Event: 62.585 Thread 0x000002902e8d6030 Exception <a 'java/lang/NoSuchMethodError'{0x000000060639bef8}: 'java.lang.Object java.lang.invoke.DirectMethodHandle$Holder.invokeVirtual(java.lang.Object, java.lang.Object, java.lang.Object, java.lang.Object, java.lang.Object, java.lang.Object, java.lang.Object, java.lang.Object, java.lang.Object, java.lang.Object, java.lang.Object, java.lang.Object, java.lang.Object, java.lang.Object, java.lang.Object, java.lang.Object, java.lang.Object)'> (0x000000060639bef8) 
thrown [s\src\hotspot\share\interpreter\li
Event: 62.586 Thread 0x000002902e8d6030 Exception <a 'java/lang/NoSuchMethodError'{0x00000006063a3240}: 'java.lang.Object java.lang.invoke.DirectMethodHandle$Holder.invokeSpecial(java.lang.Object, java.lang.Object, java.lang.Object, java.lang.Object, java.lang.Object, java.lang.Object, java.lang.Object, java.lang.Object, java.lang.Object, java.lang.Object, java.lang.Object, java.lang.Object, java.lang.Object, java.lang.Object, java.lang.Object, java.lang.Object, java.lang.Object, java.lang.Object)'> (0x00000006063a3240) 
thrown [s\src\hotspot\sh
Event: 62.587 Thread 0x000002902e8d6030 Exception <a 'java/lang/NoSuchMethodError'{0x00000006063a9ad8}: 'java.lang.Object java.lang.invoke.DelegatingMethodHandle$Holder.reinvoke_L(java.lang.Object, java.lang.Object, java.lang.Object, java.lang.Object, java.lang.Object, java.lang.Object, java.lang.Object, java.lang.Object, java.lang.Object, java.lang.Object, java.lang.Object, java.lang.Object, java.lang.Object, java.lang.Object, java.lang.Object, java.lang.Object, java.lang.Object)'> (0x00000006063a9ad8) 
thrown [s\src\hotspot\share\interpreter\l

ZGC Phase Switch (0 events):
No events

VM Operations (20 events):
Event: 58.465 Executing safepoint VM operation: Cleanup
Event: 58.481 Executing safepoint VM operation: Cleanup done
Event: 59.234 Executing safepoint VM operation: G1CollectForAllocation (G1 Evacuation Pause)
Event: 59.256 Executing safepoint VM operation: G1CollectForAllocation (G1 Evacuation Pause) done
Event: 60.271 Executing safepoint VM operation: Cleanup
Event: 60.271 Executing safepoint VM operation: Cleanup done
Event: 60.574 Executing non-safepoint VM operation: HandshakeAllThreads (HandshakeForDeflation)
Event: 60.574 Executing non-safepoint VM operation: HandshakeAllThreads (HandshakeForDeflation) done
Event: 60.575 Executing non-safepoint VM operation: RendezvousGCThreads
Event: 60.575 Executing non-safepoint VM operation: RendezvousGCThreads done
Event: 61.250 Executing safepoint VM operation: CollectForMetadataAllocation (Metadata GC Threshold)
Event: 61.267 Executing safepoint VM operation: CollectForMetadataAllocation (Metadata GC Threshold) done
Event: 61.351 Executing safepoint VM operation: G1PauseRemark
Event: 61.367 Executing safepoint VM operation: G1PauseRemark done
Event: 61.383 Executing safepoint VM operation: G1PauseCleanup
Event: 61.383 Executing safepoint VM operation: G1PauseCleanup done
Event: 61.691 Executing non-safepoint VM operation: HandshakeAllThreads (Deoptimize)
Event: 61.691 Executing non-safepoint VM operation: HandshakeAllThreads (Deoptimize) done
Event: 62.703 Executing safepoint VM operation: Cleanup
Event: 62.703 Executing safepoint VM operation: Cleanup done

Memory protections (0 events):
No events

Nmethod flushes (20 events):
Event: 61.360 Thread 0x000002907fa61690 flushing  nmethod 0x0000029003394e10
Event: 61.360 Thread 0x000002907fa61690 flushing  nmethod 0x0000029003487c10
Event: 61.360 Thread 0x000002907fa61690 flushing  nmethod 0x00000290034c8510
Event: 61.360 Thread 0x000002907fa61690 flushing  nmethod 0x00000290035f9f10
Event: 61.360 Thread 0x000002907fa61690 flushing  nmethod 0x00000290036ae490
Event: 61.360 Thread 0x000002907fa61690 flushing  nmethod 0x0000029003838f90
Event: 61.360 Thread 0x000002907fa61690 flushing  nmethod 0x00000290135b8610
Event: 61.360 Thread 0x000002907fa61690 flushing  nmethod 0x0000029003163790
Event: 61.360 Thread 0x000002907fa61690 flushing  nmethod 0x00000290031bb210
Event: 61.360 Thread 0x000002907fa61690 flushing  nmethod 0x00000290031bd990
Event: 61.360 Thread 0x000002907fa61690 flushing  nmethod 0x000002900329f890
Event: 61.360 Thread 0x000002907fa61690 flushing  nmethod 0x00000290032a3490
Event: 61.360 Thread 0x000002907fa61690 flushing  nmethod 0x00000290032a5e10
Event: 61.360 Thread 0x000002907fa61690 flushing  nmethod 0x00000290032a6a10
Event: 61.360 Thread 0x000002907fa61690 flushing  nmethod 0x0000029003311d10
Event: 61.360 Thread 0x000002907fa61690 flushing  nmethod 0x0000029003314710
Event: 61.360 Thread 0x000002907fa61690 flushing  nmethod 0x0000029003314f90
Event: 61.360 Thread 0x000002907fa61690 flushing  nmethod 0x0000029003435310
Event: 61.360 Thread 0x000002907fa61690 flushing  nmethod 0x00000290036f7690
Event: 61.360 Thread 0x000002907fa61690 flushing  nmethod 0x000002900380f690

Events (20 events):
Event: 42.866 Thread 0x000002902e8d6030 Thread added: 0x000002907669ab70
Event: 42.870 Thread 0x000002902e8d6030 Thread added: 0x00000290766976f0
Event: 42.871 Thread 0x000002902e8d6030 Thread added: 0x000002907669b200
Event: 42.871 Thread 0x000002902e8d6030 Thread added: 0x000002907669cc40
Event: 49.935 Thread 0x0000029075682ab0 Thread added: 0x000002907669bf20
Event: 49.936 Thread 0x0000029075682ab0 Thread added: 0x000002907669b890
Event: 49.984 Thread 0x000002902e8d6030 Thread added: 0x000002907669c5b0
Event: 49.986 Thread 0x000002902e8d6030 Thread added: 0x000002907669d2d0
Event: 49.987 Thread 0x000002902e8d6030 Thread added: 0x00000290776c54f0
Event: 49.988 Thread 0x000002902e8d6030 Thread added: 0x00000290776c5b80
Event: 49.990 Thread 0x000002902e8d6030 Thread added: 0x00000290776c3420
Event: 49.991 Thread 0x000002902e8d6030 Thread added: 0x00000290776c6210
Event: 49.992 Thread 0x000002902e8d6030 Thread added: 0x00000290776c68a0
Event: 49.994 Thread 0x000002902e8d6030 Thread added: 0x00000290776c6f30
Event: 49.995 Thread 0x000002902e8d6030 Thread added: 0x00000290776c3ab0
Event: 49.996 Thread 0x000002902e8d6030 Thread added: 0x00000290776c47d0
Event: 49.999 Thread 0x000002902e8d6030 Thread added: 0x00000290776c75c0
Event: 50.074 Thread 0x0000029075682ab0 Thread added: 0x00000290776c4140
Event: 55.617 Thread 0x000002902e8d6030 Thread added: 0x00000290776c7c50
Event: 60.845 Thread 0x000002902e8d6030 Thread added: 0x00000290776c4e60


Dynamic libraries:
0x00007ff6acbf0000 - 0x00007ff6acbfe000 	C:\Users\filip\.vscode\extensions\redhat.java-1.56.0-win32-x64\jre\21.0.12.1-win32-x86_64\bin\java.exe
0x00007ffb1f440000 - 0x00007ffb1f6a7000 	C:\WINDOWS\SYSTEM32\ntdll.dll
0x00007ffb1e860000 - 0x00007ffb1e92a000 	C:\WINDOWS\System32\KERNEL32.DLL
0x00007ffb1c7c0000 - 0x00007ffb1cbc2000 	C:\WINDOWS\System32\KERNELBASE.dll
0x00007ffb15bd0000 - 0x00007ffb15c6f000 	C:\WINDOWS\SYSTEM32\apphelp.dll
0x00007ffb1cee0000 - 0x00007ffb1d02c000 	C:\WINDOWS\System32\ucrtbase.dll
0x00007ffaf7f90000 - 0x00007ffaf7fa8000 	C:\Users\filip\.vscode\extensions\redhat.java-1.56.0-win32-x64\jre\21.0.12.1-win32-x86_64\bin\jli.dll
0x00007ffb1ef10000 - 0x00007ffb1f0df000 	C:\WINDOWS\System32\USER32.dll
0x00007ffb1c650000 - 0x00007ffb1c677000 	C:\WINDOWS\System32\win32u.dll
0x00007ffb1d660000 - 0x00007ffb1d68b000 	C:\WINDOWS\System32\GDI32.dll
0x00007ffb1d040000 - 0x00007ffb1d169000 	C:\WINDOWS\System32\gdi32full.dll
0x00007ffb1c710000 - 0x00007ffb1c7b3000 	C:\WINDOWS\System32\msvcp_win.dll
0x00007ffaf6670000 - 0x00007ffaf668e000 	C:\Users\filip\.vscode\extensions\redhat.java-1.56.0-win32-x64\jre\21.0.12.1-win32-x86_64\bin\VCRUNTIME140.dll
0x00007ffaf9da0000 - 0x00007ffafa030000 	C:\WINDOWS\WinSxS\amd64_microsoft.windows.common-controls_6595b64144ccf1df_6.0.26100.9278_none_3e0d1ba8e3303201\COMCTL32.dll
0x00007ffb1d180000 - 0x00007ffb1d229000 	C:\WINDOWS\System32\msvcrt.dll
0x00007ffb1eed0000 - 0x00007ffb1ef01000 	C:\WINDOWS\System32\IMM32.DLL
0x00007ffb152c0000 - 0x00007ffb152cc000 	C:\Users\filip\.vscode\extensions\redhat.java-1.56.0-win32-x64\jre\21.0.12.1-win32-x86_64\bin\vcruntime140_1.dll
0x00007ffa21b80000 - 0x00007ffa21c0d000 	C:\Users\filip\.vscode\extensions\redhat.java-1.56.0-win32-x64\jre\21.0.12.1-win32-x86_64\bin\msvcp140.dll
0x00007ff9cc610000 - 0x00007ff9cd3b2000 	C:\Users\filip\.vscode\extensions\redhat.java-1.56.0-win32-x64\jre\21.0.12.1-win32-x86_64\bin\server\jvm.dll
0x00007ffb1e4d0000 - 0x00007ffb1e58c000 	C:\WINDOWS\System32\ADVAPI32.dll
0x00007ffb1d2a0000 - 0x00007ffb1d349000 	C:\WINDOWS\System32\sechost.dll
0x00007ffb1ecc0000 - 0x00007ffb1edd8000 	C:\WINDOWS\System32\RPCRT4.dll
0x00007ffb1ede0000 - 0x00007ffb1ee60000 	C:\WINDOWS\System32\WS2_32.dll
0x00007ffb1b150000 - 0x00007ffb1b1ae000 	C:\WINDOWS\SYSTEM32\POWRPROF.dll
0x00007ffb0d5d0000 - 0x00007ffb0d606000 	C:\WINDOWS\SYSTEM32\WINMM.dll
0x00007ffb0f9e0000 - 0x00007ffb0f9eb000 	C:\WINDOWS\SYSTEM32\VERSION.dll
0x00007ffb1b130000 - 0x00007ffb1b145000 	C:\WINDOWS\SYSTEM32\UMPDC.dll
0x00007ffb1b440000 - 0x00007ffb1b45b000 	C:\WINDOWS\SYSTEM32\kernel.appcore.dll
0x00007ffb0c590000 - 0x00007ffb0c59a000 	C:\Users\filip\.vscode\extensions\redhat.java-1.56.0-win32-x64\jre\21.0.12.1-win32-x86_64\bin\jimage.dll
0x00007ffb19b40000 - 0x00007ffb19d82000 	C:\WINDOWS\SYSTEM32\DBGHELP.DLL
0x00007ffb1e930000 - 0x00007ffb1ecb4000 	C:\WINDOWS\System32\combase.dll
0x00007ffb1e600000 - 0x00007ffb1e6d9000 	C:\WINDOWS\System32\OLEAUT32.dll
0x00007ffaf7e20000 - 0x00007ffaf7e5b000 	C:\WINDOWS\SYSTEM32\dbgcore.DLL
0x00007ffb1cc90000 - 0x00007ffb1cd3c000 	C:\WINDOWS\System32\bcryptPrimitives.dll
0x00007ffb00260000 - 0x00007ffb0026f000 	C:\Users\filip\.vscode\extensions\redhat.java-1.56.0-win32-x64\jre\21.0.12.1-win32-x86_64\bin\instrument.dll
0x00007ffa87080000 - 0x00007ffa870a0000 	C:\Users\filip\.vscode\extensions\redhat.java-1.56.0-win32-x64\jre\21.0.12.1-win32-x86_64\bin\java.dll
0x00007ffb1d720000 - 0x00007ffb1deb8000 	C:\WINDOWS\System32\SHELL32.dll
0x00007ffb1a0b0000 - 0x00007ffb1a95e000 	C:\WINDOWS\SYSTEM32\windows.storage.dll
0x00007ffb1df40000 - 0x00007ffb1e03b000 	C:\WINDOWS\System32\SHCORE.dll
0x00007ffb1d230000 - 0x00007ffb1d296000 	C:\WINDOWS\System32\shlwapi.dll
0x00007ffb1c570000 - 0x00007ffb1c599000 	C:\WINDOWS\SYSTEM32\profapi.dll
0x00007ffaed1e0000 - 0x00007ffaed1f8000 	C:\Users\filip\.vscode\extensions\redhat.java-1.56.0-win32-x64\jre\21.0.12.1-win32-x86_64\bin\zip.dll
0x00007ffb004a0000 - 0x00007ffb004b0000 	C:\Users\filip\.vscode\extensions\redhat.java-1.56.0-win32-x64\jre\21.0.12.1-win32-x86_64\bin\net.dll
0x00007ffb11d00000 - 0x00007ffb11e2a000 	C:\WINDOWS\SYSTEM32\WINHTTP.dll
0x00007ffb1ba00000 - 0x00007ffb1ba6c000 	C:\WINDOWS\system32\mswsock.dll
0x00007ffaeb470000 - 0x00007ffaeb486000 	C:\Users\filip\.vscode\extensions\redhat.java-1.56.0-win32-x64\jre\21.0.12.1-win32-x86_64\bin\nio.dll
0x00007ffb002c0000 - 0x00007ffb002d0000 	C:\Users\filip\.vscode\extensions\redhat.java-1.56.0-win32-x64\jre\21.0.12.1-win32-x86_64\bin\verify.dll
0x00007ffb115b0000 - 0x00007ffb115d7000 	C:\Users\filip\.gradle\native\660c5614fbf4a5f2a75b1949f50a0caf5cd603558e7d8a26e50b933a0cfb79d1\windows-amd64\native-platform.dll
0x00007ffaeca50000 - 0x00007ffaecac7000 	C:\Users\filip\.gradle\native\0.2.8\x86_64-windows-gnu\gradle-fileevents.dll
0x00007ff9aa940000 - 0x00007ff9aa94a000 	C:\Users\filip\.vscode\extensions\redhat.java-1.56.0-win32-x64\jre\21.0.12.1-win32-x86_64\bin\management.dll
0x00007ff9aa7e0000 - 0x00007ff9aa7ec000 	C:\Users\filip\.vscode\extensions\redhat.java-1.56.0-win32-x64\jre\21.0.12.1-win32-x86_64\bin\management_ext.dll
0x00007ffb1e5f0000 - 0x00007ffb1e5f8000 	C:\WINDOWS\System32\PSAPI.DLL
0x00007ffb1ad80000 - 0x00007ffb1adb3000 	C:\WINDOWS\SYSTEM32\IPHLPAPI.DLL
0x00007ffb1d170000 - 0x00007ffb1d17a000 	C:\WINDOWS\System32\NSI.dll
0x00007ffaf7040000 - 0x00007ffaf7049000 	C:\Users\filip\.vscode\extensions\redhat.java-1.56.0-win32-x64\jre\21.0.12.1-win32-x86_64\bin\extnet.dll
0x00007ffb1bcf0000 - 0x00007ffb1bd0b000 	C:\WINDOWS\SYSTEM32\CRYPTSP.dll
0x00007ffb1b3a0000 - 0x00007ffb1b3d9000 	C:\WINDOWS\system32\rsaenh.dll
0x00007ffb1bab0000 - 0x00007ffb1bae4000 	C:\WINDOWS\SYSTEM32\USERENV.dll
0x00007ffb1c540000 - 0x00007ffb1c56a000 	C:\WINDOWS\SYSTEM32\bcrypt.dll
0x00007ffb1bd10000 - 0x00007ffb1bd1c000 	C:\WINDOWS\SYSTEM32\CRYPTBASE.dll
0x00007ffaf73c0000 - 0x00007ffaf73ce000 	C:\Users\filip\.vscode\extensions\redhat.java-1.56.0-win32-x64\jre\21.0.12.1-win32-x86_64\bin\sunmscapi.dll
0x00007ffb1cd50000 - 0x00007ffb1cece000 	C:\WINDOWS\System32\CRYPT32.dll
0x00007ffb1bf30000 - 0x00007ffb1bf60000 	C:\WINDOWS\SYSTEM32\ncrypt.dll
0x00007ffb1bee0000 - 0x00007ffb1bf1f000 	C:\WINDOWS\SYSTEM32\NTASN1.dll
0x00007ffaf7030000 - 0x00007ffaf7038000 	C:\WINDOWS\system32\wshunix.dll

JVMTI agents:
C:\Users\filip\.gradle\wrapper\dists\gradle-9.3.1-all\9ot9r568e8zfvvd4mn8rbu1j0\gradle-9.3.1\lib\agents\gradle-instrumentation-agent-9.3.1.jar path:C:\Users\filip\.vscode\extensions\redhat.java-1.56.0-win32-x64\jre\21.0.12.1-win32-x86_64\bin\instrument.dll, loaded, initialized, instrumentlib options:none

dbghelp: loaded successfully - version: 4.0.5 - missing functions: none
symbol engine: initialized successfully - sym options: 0x614 - pdb path: .;C:\Users\filip\.vscode\extensions\redhat.java-1.56.0-win32-x64\jre\21.0.12.1-win32-x86_64\bin;C:\WINDOWS\SYSTEM32;C:\WINDOWS\WinSxS\amd64_microsoft.windows.common-controls_6595b64144ccf1df_6.0.26100.9278_none_3e0d1ba8e3303201;C:\Users\filip\.vscode\extensions\redhat.java-1.56.0-win32-x64\jre\21.0.12.1-win32-x86_64\bin\server;C:\Users\filip\.gradle\native\660c5614fbf4a5f2a75b1949f50a0caf5cd603558e7d8a26e50b933a0cfb79d1\windows-amd64;C:\Users\filip\.gradle\native\0.2.8\x86_64-windows-gnu

VM Arguments:
jvm_args: --add-opens=java.base/java.lang=ALL-UNNAMED --add-opens=java.base/java.lang.invoke=ALL-UNNAMED --add-opens=java.base/java.util=ALL-UNNAMED --add-opens=java.prefs/java.util.prefs=ALL-UNNAMED --add-exports=jdk.compiler/com.sun.tools.javac.api=ALL-UNNAMED --add-exports=jdk.compiler/com.sun.tools.javac.util=ALL-UNNAMED --add-opens=java.base/java.util=ALL-UNNAMED --add-opens=java.prefs/java.util.prefs=ALL-UNNAMED --add-opens=java.base/java.nio.charset=ALL-UNNAMED --add-opens=java.base/java.net=ALL-UNNAMED --add-opens=java.base/java.util.concurrent=ALL-UNNAMED --add-opens=java.base/java.util.concurrent.atomic=ALL-UNNAMED --add-opens=java.xml/javax.xml.namespace=ALL-UNNAMED --add-opens=java.base/java.time=ALL-UNNAMED -XX:MaxMetaspaceSize=4G -XX:ReservedCodeCacheSize=512m -XX:+HeapDumpOnOutOfMemoryError -Xmx8G -Dfile.encoding=UTF-8 -Duser.country=BR -Duser.language=pt -Duser.variant -javaagent:C:\Users\filip\.gradle\wrapper\dists\gradle-9.3.1-all\9ot9r568e8zfvvd4mn8rbu1j0\gradle-9.3.1\lib\agents\gradle-instrumentation-agent-9.3.1.jar 
java_command: org.gradle.launcher.daemon.bootstrap.GradleDaemon 9.3.1
java_class_path (initial): C:\Users\filip\.gradle\wrapper\dists\gradle-9.3.1-all\9ot9r568e8zfvvd4mn8rbu1j0\gradle-9.3.1\lib\gradle-daemon-main-9.3.1.jar
Launcher Type: SUN_STANDARD

[Global flags]
     intx CICompilerCount                          = 4                                         {product} {ergonomic}
     uint ConcGCThreads                            = 3                                         {product} {ergonomic}
     uint G1ConcRefinementThreads                  = 10                                        {product} {ergonomic}
   size_t G1HeapRegionSize                         = 4194304                                   {product} {ergonomic}
    uintx GCDrainStackTargetSize                   = 64                                        {product} {ergonomic}
     bool HeapDumpOnOutOfMemoryError               = true                                   {manageable} {command line}
   size_t InitialHeapSize                          = 130023424                                 {product} {ergonomic}
   size_t MarkStackSize                            = 4194304                                   {product} {ergonomic}
   size_t MaxHeapSize                              = 8589934592                                {product} {command line}
   size_t MaxMetaspaceSize                         = 4294967296                                {product} {command line}
   size_t MaxNewSize                               = 5150605312                                {product} {ergonomic}
   size_t MinHeapDeltaBytes                        = 4194304                                   {product} {ergonomic}
   size_t MinHeapSize                              = 8388608                                   {product} {ergonomic}
    uintx NonNMethodCodeHeapSize                   = 5839372                                {pd product} {ergonomic}
    uintx NonProfiledCodeHeapSize                  = 265515770                              {pd product} {ergonomic}
    uintx ProfiledCodeHeapSize                     = 265515770                              {pd product} {ergonomic}
    uintx ReservedCodeCacheSize                    = 536870912                              {pd product} {command line}
     bool SegmentedCodeCache                       = true                                      {product} {ergonomic}
   size_t SoftMaxHeapSize                          = 8589934592                             {manageable} {ergonomic}
     bool UseCompressedOops                        = true                           {product lp64_product} {ergonomic}
     bool UseG1GC                                  = true                                      {product} {ergonomic}
     bool UseLargePagesIndividualAllocation        = false                                  {pd product} {ergonomic}

Logging:
Log output configuration:
 #0: stdout all=warning uptime,level,tags foldmultilines=false
 #1: stderr all=off uptime,level,tags foldmultilines=false

Release file:
JAVA_VERSION="21.0.12.1" 
MODULES="java.base java.compiler java.datatransfer java.xml java.prefs java.desktop java.instrument java.logging java.management java.security.sasl java.naming java.rmi java.management.rmi java.net.http java.scripting java.security.jgss java.transaction.xa java.sql java.sql.rowset java.xml.crypto java.se java.smartcardio jdk.accessibility jdk.internal.jvmstat jdk.attach jdk.charsets jdk.internal.opt jdk.zipfs jdk.compiler jdk.crypto.ec jdk.crypto.cryptoki jdk.crypto.mscapi jdk.dynalink jdk.internal.ed jdk.editpad jdk.hotspot.agent jdk.httpserver jdk.internal.le jdk.internal.vm.ci jdk.internal.vm.compiler jdk.internal.vm.compiler.management jdk.jartool jdk.javadoc jdk.jcmd jdk.management jdk.management.agent jdk.jconsole jdk.jdeps jdk.jdwp.agent jdk.jdi jdk.jfr jdk.jshell jdk.jsobject jdk.jstatd jdk.localedata jdk.management.jfr jdk.naming.dns jdk.naming.rmi jdk.net jdk.nio.mapmode jdk.random jdk.sctp jdk.security.auth jdk.security.jgss jdk.unsupported jdk.unsupported.desktop jdk.xml.dom" 

Environment Variables:
JAVA_HOME=C:\Program Files\Java\jdk-22
PATH=C:\Program Files\Common Files\Oracle\Java\javapath;C:\WINDOWS\system32;C:\WINDOWS;C:\WINDOWS\System32\Wbem;C:\WINDOWS\System32\WindowsPowerShell\v1.0\;C:\WINDOWS\System32\OpenSSH\;C:\Program Files\NVIDIA Corporation\NVIDIA app\NvDLISR;C:\Program Files (x86)\NVIDIA Corporation\PhysX\Common;C:\Program Files\Git\cmd;C:\Program Files\dotnet\;C:\Program Files\MySQL\MySQL Server 8.0\bin;C:\Users\filip\OneDrive\Documentos\apache-maven-3.9.9\bin;C:\Users\filip\OneDrive\Documentos\apache-maven-3.9.9\bin;c:\Users\filip\OneDrive\Documentos\openJdk-24\bin;C:\Program Files\Docker\Docker\resources\bin;C:\Users\filip\AppData\Local\nvm;C:\nvm4w\nodejs;C:\ProgramData\chocolatey\bin;C:\tools\dart-sdk\bin;C:\Users\filip\AppData\Local\agy\bin;C:\Users\filip\.local\bin;C:\Users\filip\.console-ninja\.bin;C:\Users\filip\OneDrive\Documentos\Estudos-Java\App.java\App.java\bin;C:\Users\filip\AppData\Local\Programs\Microsoft VS Code\bin;C:\ProgamFiles\Apache\maven\apache-maven-3.9.9\bin;C:\Users\filip\AppData\Local\Microsoft\WindowsApps;C:\Users\filip\AppData\Roaming\npm;C:\Program Files\Java\jdk-22\bin;C:\Users\filip\AppData\Local\Python\bin;C:\Users\filip\AppData\Local\nvm;C:\nvm4w\nodejs;C:\tools\dart-sdk\bin;C:\Users\filip\AppData\Local\Pub\Cache\bin;C:\flutter\bin
USERNAME=filip
OS=Windows_NT
PROCESSOR_IDENTIFIER=Intel64 Family 6 Model 186 Stepping 2, GenuineIntel
TMP=C:\Users\filip\AppData\Local\Temp
TEMP=C:\Users\filip\AppData\Local\Temp




Periodic native trim disabled

---------------  S Y S T E M  ---------------

OS:
 Windows 11 , 64 bit Build 26100 (10.0.26100.9278)
OS uptime: 0 days 8:48 hours
Hyper-V role detected

CPU: total 12 (initial active 12) (6 cores per cpu, 2 threads per core) family 6 model 186 stepping 2 microcode 0x5105, cx8, cmov, fxsr, ht, mmx, 3dnowpref, sse, sse2, sse3, ssse3, sse4.1, sse4.2, popcnt, lzcnt, tsc, tscinvbit, avx, avx2, aes, erms, clmul, bmi1, bmi2, adx, sha, fma, vzeroupper, clflush, clflushopt, clwb, hv, serialize, rdtscp, rdpid, fsrm, f16c, cet_ibt, cet_ss
Processor Information for processor 0
  Max Mhz: 2100, Current Mhz: 2100, Mhz Limit: 2100
Processor Information for processor 1
  Max Mhz: 2100, Current Mhz: 2100, Mhz Limit: 2100
Processor Information for processor 2
  Max Mhz: 2100, Current Mhz: 2100, Mhz Limit: 2100
Processor Information for processor 3
  Max Mhz: 2100, Current Mhz: 2100, Mhz Limit: 2100
Processor Information for processor 4
  Max Mhz: 2100, Current Mhz: 2100, Mhz Limit: 2100
Processor Information for processor 5
  Max Mhz: 2100, Current Mhz: 2100, Mhz Limit: 2100
Processor Information for processor 6
  Max Mhz: 2100, Current Mhz: 2100, Mhz Limit: 2100
Processor Information for processor 7
  Max Mhz: 2100, Current Mhz: 2100, Mhz Limit: 2100
Processor Information for processor 8
  Max Mhz: 2100, Current Mhz: 1540, Mhz Limit: 2100
Processor Information for processor 9
  Max Mhz: 2100, Current Mhz: 2100, Mhz Limit: 2100
Processor Information for processor 10
  Max Mhz: 2100, Current Mhz: 2100, Mhz Limit: 2100
Processor Information for processor 11
  Max Mhz: 2100, Current Mhz: 1540, Mhz Limit: 2100

Memory: 4k page, system-wide physical 7895M (163M free)
TotalPageFile size 32471M (AvailPageFile size 1M)
current process WorkingSet (physical memory assigned to process): 254M, peak: 254M
current process commit charge ("private bytes"): 369M, peak: 370M

vm_info: OpenJDK 64-Bit Server VM (21.0.12.1+1-LTS) for windows-amd64 JRE (21.0.12.1+1-LTS), built on 2026-08-18T00:00:00Z by "admin" with MS VC++ 17.12 (VS2022)

END.
